Archive member included because of file (symbol)

d:/attolic/truestudio for arm lite 5.0.0/armtools/bin/../lib/gcc/arm-atollic-eabi/4.7.3/../../../../arm-atollic-eabi/lib/armv7-m\libc_s.a(lib_a-init.o)
                              src\lowlevel\startup_stm32f10x_md_vl.o (__libc_init_array)
d:/attolic/truestudio for arm lite 5.0.0/armtools/bin/../lib/gcc/arm-atollic-eabi/4.7.3/../../../../arm-atollic-eabi/lib/armv7-m\libc_s.a(lib_a-strlen.o)
                              src\lowlevel\tiny_printf.o (strlen)
d:/attolic/truestudio for arm lite 5.0.0/armtools/bin/../lib/gcc/arm-atollic-eabi/4.7.3/../../../../arm-atollic-eabi/lib/armv7-m\libc_s.a(lib_a-syscalls.o)
                              src\lowlevel\tiny_printf.o (_write)
d:/attolic/truestudio for arm lite 5.0.0/armtools/bin/../lib/gcc/arm-atollic-eabi/4.7.3/../../../../arm-atollic-eabi/lib/armv7-m\libc_s.a(lib_a-reent.o)
                              d:/attolic/truestudio for arm lite 5.0.0/armtools/bin/../lib/gcc/arm-atollic-eabi/4.7.3/../../../../arm-atollic-eabi/lib/armv7-m\libc_s.a(lib_a-syscalls.o) (errno)
d:/attolic/truestudio for arm lite 5.0.0/armtools/bin/../lib/gcc/arm-atollic-eabi/4.7.3/../../../../arm-atollic-eabi/lib/armv7-m\libc_s.a(lib_a-freer.o)
                              d:/attolic/truestudio for arm lite 5.0.0/armtools/bin/../lib/gcc/arm-atollic-eabi/4.7.3/../../../../arm-atollic-eabi/lib/armv7-m\libc_s.a(lib_a-reent.o) (_free_r)
d:/attolic/truestudio for arm lite 5.0.0/armtools/bin/../lib/gcc/arm-atollic-eabi/4.7.3/../../../../arm-atollic-eabi/lib/armv7-m\libc_s.a(lib_a-impure.o)
                              d:/attolic/truestudio for arm lite 5.0.0/armtools/bin/../lib/gcc/arm-atollic-eabi/4.7.3/../../../../arm-atollic-eabi/lib/armv7-m\libc_s.a(lib_a-reent.o) (_impure_ptr)
d:/attolic/truestudio for arm lite 5.0.0/armtools/bin/../lib/gcc/arm-atollic-eabi/4.7.3/../../../../arm-atollic-eabi/lib/armv7-m\libc_s.a(lib_a-mallocr.o)
                              d:/attolic/truestudio for arm lite 5.0.0/armtools/bin/../lib/gcc/arm-atollic-eabi/4.7.3/../../../../arm-atollic-eabi/lib/armv7-m\libc_s.a(lib_a-freer.o) (__malloc_free_list)
d:/attolic/truestudio for arm lite 5.0.0/armtools/bin/../lib/gcc/arm-atollic-eabi/4.7.3/../../../../arm-atollic-eabi/lib/armv7-m\libc_s.a(lib_a-sbrkr.o)
                              d:/attolic/truestudio for arm lite 5.0.0/armtools/bin/../lib/gcc/arm-atollic-eabi/4.7.3/../../../../arm-atollic-eabi/lib/armv7-m\libc_s.a(lib_a-mallocr.o) (_sbrk_r)
d:/attolic/truestudio for arm lite 5.0.0/armtools/bin/../lib/gcc/arm-atollic-eabi/4.7.3/../../../../arm-atollic-eabi/lib/armv7-m\libm.a(lib_a-s_cos.o)
                              src\location.o (cos)
d:/attolic/truestudio for arm lite 5.0.0/armtools/bin/../lib/gcc/arm-atollic-eabi/4.7.3/../../../../arm-atollic-eabi/lib/armv7-m\libm.a(lib_a-s_floor.o)
                              src\geometry.o (floor)
d:/attolic/truestudio for arm lite 5.0.0/armtools/bin/../lib/gcc/arm-atollic-eabi/4.7.3/../../../../arm-atollic-eabi/lib/armv7-m\libm.a(lib_a-s_fmax.o)
                              src\pid.o (fmax)
d:/attolic/truestudio for arm lite 5.0.0/armtools/bin/../lib/gcc/arm-atollic-eabi/4.7.3/../../../../arm-atollic-eabi/lib/armv7-m\libm.a(lib_a-s_fmin.o)
                              src\pid.o (fmin)
d:/attolic/truestudio for arm lite 5.0.0/armtools/bin/../lib/gcc/arm-atollic-eabi/4.7.3/../../../../arm-atollic-eabi/lib/armv7-m\libm.a(lib_a-s_fpclassify.o)
                              d:/attolic/truestudio for arm lite 5.0.0/armtools/bin/../lib/gcc/arm-atollic-eabi/4.7.3/../../../../arm-atollic-eabi/lib/armv7-m\libm.a(lib_a-s_fmax.o) (__fpclassifyd)
d:/attolic/truestudio for arm lite 5.0.0/armtools/bin/../lib/gcc/arm-atollic-eabi/4.7.3/../../../../arm-atollic-eabi/lib/armv7-m\libm.a(lib_a-s_sin.o)
                              src\location.o (sin)
d:/attolic/truestudio for arm lite 5.0.0/armtools/bin/../lib/gcc/arm-atollic-eabi/4.7.3/../../../../arm-atollic-eabi/lib/armv7-m\libm.a(lib_a-w_atan2.o)
                              src\geometry.o (atan2)
d:/attolic/truestudio for arm lite 5.0.0/armtools/bin/../lib/gcc/arm-atollic-eabi/4.7.3/../../../../arm-atollic-eabi/lib/armv7-m\libm.a(lib_a-w_hypot.o)
                              src\geometry.o (hypot)
d:/attolic/truestudio for arm lite 5.0.0/armtools/bin/../lib/gcc/arm-atollic-eabi/4.7.3/../../../../arm-atollic-eabi/lib/armv7-m\libm.a(lib_a-e_atan2.o)
                              d:/attolic/truestudio for arm lite 5.0.0/armtools/bin/../lib/gcc/arm-atollic-eabi/4.7.3/../../../../arm-atollic-eabi/lib/armv7-m\libm.a(lib_a-w_atan2.o) (__ieee754_atan2)
d:/attolic/truestudio for arm lite 5.0.0/armtools/bin/../lib/gcc/arm-atollic-eabi/4.7.3/../../../../arm-atollic-eabi/lib/armv7-m\libm.a(lib_a-e_hypot.o)
                              d:/attolic/truestudio for arm lite 5.0.0/armtools/bin/../lib/gcc/arm-atollic-eabi/4.7.3/../../../../arm-atollic-eabi/lib/armv7-m\libm.a(lib_a-w_hypot.o) (__ieee754_hypot)
[...]
Memory Configuration

Name             Origin             Length             Attributes
FLASH            0x08000000         0x00020000         xr
RAM              0x20000000         0x00002000         xrw
MEMORY_B1        0x60000000         0x00000000         xr
*default*        0x00000000         0xffffffff

Linker script and memory map

LOAD d:/attolic/truestudio for arm lite 5.0.0/armtools/bin/../lib/gcc/arm-atollic-eabi/4.7.3/armv7-m/crti.o
LOAD d:/attolic/truestudio for arm lite 5.0.0/armtools/bin/../lib/gcc/arm-atollic-eabi/4.7.3/armv7-m/crtbegin.o
LOAD src\strategy.o
LOAD src\states\stateTakeCan.o
LOAD src\states\stateStop.o
LOAD src\states\stateRotate.o
LOAD src\states\stateManual.o
LOAD src\states\stateLeaveCan.o
LOAD src\states\stateGo.o
LOAD src\states\state.o
LOAD src\settings.o
LOAD src\pid.o
LOAD src\main.o
LOAD src\lowlevel\tiny_printf.o
LOAD src\lowlevel\system_stm32f10x.o
LOAD src\lowlevel\startup_stm32f10x_md_vl.o
LOAD src\lowlevel\sensors.o
LOAD src\lowlevel\effectors.o
LOAD src\lowlevel\config.o
LOAD src\lowlevel\communication.o
LOAD src\location.o
LOAD src\global.o
LOAD src\geometry.o
LOAD Utilities\STM32_EVAL\STM32_Discovery\STM32vldiscovery.o
LOAD Libraries\STM32F10x_StdPeriph_Driver\src\stm32f10x_wwdg.o
LOAD Libraries\STM32F10x_StdPeriph_Driver\src\stm32f10x_usart.o
LOAD Libraries\STM32F10x_StdPeriph_Driver\src\stm32f10x_tim.o
LOAD Libraries\STM32F10x_StdPeriph_Driver\src\stm32f10x_spi.o
LOAD Libraries\STM32F10x_StdPeriph_Driver\src\stm32f10x_sdio.o
LOAD Libraries\STM32F10x_StdPeriph_Driver\src\stm32f10x_rtc.o
LOAD Libraries\STM32F10x_StdPeriph_Driver\src\stm32f10x_rcc.o
LOAD Libraries\STM32F10x_StdPeriph_Driver\src\stm32f10x_pwr.o
LOAD Libraries\STM32F10x_StdPeriph_Driver\src\stm32f10x_iwdg.o
LOAD Libraries\STM32F10x_StdPeriph_Driver\src\stm32f10x_i2c.o
LOAD Libraries\STM32F10x_StdPeriph_Driver\src\stm32f10x_gpio.o
LOAD Libraries\STM32F10x_StdPeriph_Driver\src\stm32f10x_fsmc.o
LOAD Libraries\STM32F10x_StdPeriph_Driver\src\stm32f10x_flash.o
LOAD Libraries\STM32F10x_StdPeriph_Driver\src\stm32f10x_exti.o
LOAD Libraries\STM32F10x_StdPeriph_Driver\src\stm32f10x_dma.o
LOAD Libraries\STM32F10x_StdPeriph_Driver\src\stm32f10x_dbgmcu.o
LOAD Libraries\STM32F10x_StdPeriph_Driver\src\stm32f10x_dac.o
LOAD Libraries\STM32F10x_StdPeriph_Driver\src\stm32f10x_crc.o
LOAD Libraries\STM32F10x_StdPeriph_Driver\src\stm32f10x_cec.o
LOAD Libraries\STM32F10x_StdPeriph_Driver\src\stm32f10x_can.o
LOAD Libraries\STM32F10x_StdPeriph_Driver\src\stm32f10x_bkp.o
LOAD Libraries\STM32F10x_StdPeriph_Driver\src\stm32f10x_adc.o
LOAD Libraries\STM32F10x_StdPeriph_Driver\src\misc.o
START GROUP
LOAD d:/attolic/truestudio for arm lite 5.0.0/armtools/bin/../lib/gcc/arm-atollic-eabi/4.7.3/../../../../arm-atollic-eabi/lib/armv7-m\libc_s.a
LOAD d:/attolic/truestudio for arm lite 5.0.0/armtools/bin/../lib/gcc/arm-atollic-eabi/4.7.3/../../../../arm-atollic-eabi/lib/armv7-m\libm.a
END GROUP
                0x00001000                malloc_getpagesize_P = 0x1000
START GROUP
LOAD d:/attolic/truestudio for arm lite 5.0.0/armtools/bin/../lib/gcc/arm-atollic-eabi/4.7.3/armv7-m\libgcc.a
LOAD d:/attolic/truestudio for arm lite 5.0.0/armtools/bin/../lib/gcc/arm-atollic-eabi/4.7.3/../../../../arm-atollic-eabi/lib/armv7-m\libc.a
END GROUP
LOAD d:/attolic/truestudio for arm lite 5.0.0/armtools/bin/../lib/gcc/arm-atollic-eabi/4.7.3/armv7-m/crtend.o
LOAD d:/attolic/truestudio for arm lite 5.0.0/armtools/bin/../lib/gcc/arm-atollic-eabi/4.7.3/armv7-m/crtn.o
                0x20002000                _estack = 0x20002000
                0x00000000                _Min_Heap_Size = 0x0
                0x00000080                _Min_Stack_Size = 0x80

.isr_vector     0x08000000      0x1d0
                0x08000000                . = ALIGN (0x4)
 *(.isr_vector)
 .isr_vector    0x08000000      0x1d0 src\lowlevel\startup_stm32f10x_md_vl.o
                0x08000000                g_pfnVectors
                0x080001d0                . = ALIGN (0x4)

.text           0x080001d0     0x10ac
                0x080001d0                . = ALIGN (0x4)
 *(.text)
 .text          0x080001d0       0x54 d:/attolic/truestudio for arm lite 5.0.0/armtools/bin/../lib/gcc/arm-atollic-eabi/4.7.3/armv7-m/crtbegin.o
 .text          0x08000224      0x370 d:/attolic/truestudio for arm lite 5.0.0/armtools/bin/../lib/gcc/arm-atollic-eabi/4.7.3/armv7-m\libgcc.a(_arm_addsubdf3.o)
                0x08000224                __aeabi_drsub
                0x0800022c                __aeabi_dsub
                0x0800022c                __subdf3
                0x08000230                __aeabi_dadd
                0x08000230                __adddf3
                0x080004a8                __floatunsidf
                0x080004a8                __aeabi_ui2d
                0x080004c8                __floatsidf
                0x080004c8                __aeabi_i2d
                0x080004ec                __aeabi_f2d
                0x080004ec                __extendsfdf2
                0x08000528                __floatundidf
                0x08000528                __aeabi_ul2d
                0x08000538                __floatdidf
                0x08000538                __aeabi_l2d
 .text          0x08000594      0x424 d:/attolic/truestudio for arm lite 5.0.0/armtools/bin/../lib/gcc/arm-atollic-eabi/4.7.3/armv7-m\libgcc.a(_arm_muldivdf3.o)
                0x08000594                __aeabi_dmul
                0x08000594                __muldf3
                0x080007e8                __divdf3
                0x080007e8                __aeabi_ddiv
 .text          0x080009b8      0x110 d:/attolic/truestudio for arm lite 5.0.0/armtools/bin/../lib/gcc/arm-atollic-eabi/4.7.3/armv7-m\libgcc.a(_arm_cmpdf2.o)
                0x080009b8                __gtdf2
                0x080009b8                __gedf2
                0x080009c0                __ltdf2
                0x080009c0                __ledf2
                0x080009c8                __nedf2
                0x080009c8                __eqdf2
                0x080009c8                __cmpdf2
                0x08000a44                __aeabi_cdrcmple
                0x08000a54                __aeabi_cdcmpeq
                0x08000a54                __aeabi_cdcmple
                0x08000a64                __aeabi_dcmpeq
                0x08000a78                __aeabi_dcmplt
                0x08000a8c                __aeabi_dcmple
                0x08000aa0                __aeabi_dcmpge
                0x08000ab4                __aeabi_dcmpgt
 *(.text*)
 .text.stateTakeCan
                0x08000ac8        0x2 src\states\stateTakeCan.o
                0x08000ac8                stateTakeCan
 .text.stateStop
                0x08000aca        0x2 src\states\stateStop.o
                0x08000aca                stateStop
 .text.stateRotate
                0x08000acc        0x2 src\states\stateRotate.o
                0x08000acc                stateRotate
 .text.stateManual
                0x08000ace        0x2 src\states\stateManual.o
                0x08000ace                stateManual
 .text.stateLeaveCan
                0x08000ad0        0x2 src\states\stateLeaveCan.o
                0x08000ad0                stateLeaveCan
 .text.stateGo  0x08000ad2        0x2 src\states\stateGo.o
                0x08000ad2                stateGo
 .text.changeState
                0x08000ad4       0x20 src\states\state.o
                0x08000ad4                changeState
 .text.driveSideKtir
                0x08000af4       0x28 src\pid.o
                0x08000af4                driveSideKtir
 .text.driveWheelVelocity
                0x08000b1c       0x28 src\pid.o
                0x08000b1c                driveWheelVelocity
 .text.drivePIDBackward
                0x08000b44       0xbc src\pid.o
                0x08000b44                drivePIDBackward
 .text.drivePIDForward
                0x08000c00       0xb8 src\pid.o
                0x08000c00                drivePIDForward
 .text.PID      0x08000cb8      0x154 src\pid.o
                0x08000cb8                PID
 .text.updateFeedbackKtir
                0x08000e0c       0x5a src\pid.o
                0x08000e0c                updateFeedbackKtir
 *fill*         0x08000e66        0x2 00
 .text.countControllers
                0x08000e68      0x108 src\pid.o
                0x08000e68                countControllers
 .text.startup.main
                0x08000f70       0x90 src\main.o
                0x08000f70                main
 .text.SystemInit
                0x08001000       0xd8 src\lowlevel\system_stm32f10x.o
                0x08001000                SystemInit
 .text.Reset_Handler
                0x080010d8       0x58 src\lowlevel\startup_stm32f10x_md_vl.o
                0x080010d8                Reset_Handler
 .text.Default_Handler
                0x08001130        0x4 src\lowlevel\startup_stm32f10x_md_vl.o
                0x08001130                EXTI2_IRQHandler
                0x08001130                DebugMon_Handler
                0x08001130                TIM1_CC_IRQHandler
                0x08001130                HardFault_Handler
                0x08001130                SysTick_Handler
                0x08001130                PVD_IRQHandler
                0x08001130                PendSV_Handler
                0x08001130                NMI_Handler
                0x08001130                EXTI3_IRQHandler
                0x08001130                EXTI0_IRQHandler
                0x08001130                I2C2_EV_IRQHandler
                0x08001130                TIM1_UP_TIM16_IRQHandler
                0x08001130                UsageFault_Handler
                0x08001130                SPI1_IRQHandler
                0x08001130                TAMPER_IRQHandler
                0x08001130                TIM6_DAC_IRQHandler
                0x08001130                DMA1_Channel4_IRQHandler
                0x08001130                ADC1_IRQHandler
                0x08001130                USART3_IRQHandler
                0x08001130                RTC_IRQHandler
                0x08001130                DMA1_Channel7_IRQHandler
                0x08001130                TIM4_IRQHandler
                0x08001130                I2C1_EV_IRQHandler
                0x08001130                DMA1_Channel6_IRQHandler
                0x08001130                TIM3_IRQHandler
                0x08001130                RCC_IRQHandler
                0x08001130                DMA1_Channel1_IRQHandler
                0x08001130                Default_Handler
                0x08001130                CEC_IRQHandler
                0x08001130                EXTI15_10_IRQHandler
                0x08001130                TIM7_IRQHandler
                0x08001130                EXTI9_5_IRQHandler
                0x08001130                SPI2_IRQHandler
                0x08001130                MemManage_Handler
                0x08001130                SVC_Handler
                0x08001130                DMA1_Channel5_IRQHandler
                0x08001130                EXTI4_IRQHandler
                0x08001130                TIM1_TRG_COM_TIM17_IRQHandler
                0x08001130                DMA1_Channel3_IRQHandler
                0x08001130                WWDG_IRQHandler
                0x08001130                TIM2_IRQHandler
                0x08001130                EXTI1_IRQHandler
                0x08001130                RTCAlarm_IRQHandler
                0x08001130                USART2_IRQHandler
                0x08001130                I2C2_ER_IRQHandler
                0x08001130                DMA1_Channel2_IRQHandler
                0x08001130                FLASH_IRQHandler
                0x08001130                BusFault_Handler
                0x08001130                USART1_IRQHandler
                0x08001130                I2C1_ER_IRQHandler
                0x08001130                TIM1_BRK_TIM15_IRQHandler
 .text.readSensors
                0x08001134        0x2 src\lowlevel\sensors.o
                0x08001134                readSensors
 .text.setRightPWM
                0x08001136        0x2 src\lowlevel\effectors.o
                0x08001136                setRightPWM
 .text.setLeftPWM
                0x08001138        0x2 src\lowlevel\effectors.o
                0x08001138                setLeftPWM
 .text.configurePeripherials
                0x0800113a        0x2 src\lowlevel\config.o
                0x0800113a                configurePeripherials
 .text.initializeGlobalVariables
                0x0800113c        0xc src\global.o
                0x0800113c                initializeGlobalVariables
 .text.__libc_init_array
                0x08001148       0x4c d:/attolic/truestudio for arm lite 5.0.0/armtools/bin/../lib/gcc/arm-atollic-eabi/4.7.3/../../../../arm-atollic-eabi/lib/armv7-m\libc_s.a(lib_a-init.o)
                0x08001148                __libc_init_array
 .text.fmax     0x08001194       0x36 d:/attolic/truestudio for arm lite 5.0.0/armtools/bin/../lib/gcc/arm-atollic-eabi/4.7.3/../../../../arm-atollic-eabi/lib/armv7-m\libm.a(lib_a-s_fmax.o)
                0x08001194                fmax
 .text.fmin     0x080011ca       0x36 d:/attolic/truestudio for arm lite 5.0.0/armtools/bin/../lib/gcc/arm-atollic-eabi/4.7.3/../../../../arm-atollic-eabi/lib/armv7-m\libm.a(lib_a-s_fmin.o)
                0x080011ca                fmin
 .text.__fpclassifyd
                0x08001200       0x64 d:/attolic/truestudio for arm lite 5.0.0/armtools/bin/../lib/gcc/arm-atollic-eabi/4.7.3/../../../../arm-atollic-eabi/lib/armv7-m\libm.a(lib_a-s_fpclassify.o)
                0x08001200                __fpclassifyd
 *(.glue_7)
 .glue_7        0x00000000        0x0 linker stubs
 *(.glue_7t)
 .glue_7t       0x00000000        0x0 linker stubs
 *(.eh_frame)
 .eh_frame      0x08001264        0x0 d:/attolic/truestudio for arm lite 5.0.0/armtools/bin/../lib/gcc/arm-atollic-eabi/4.7.3/armv7-m/crtbegin.o
 *(.init)
 .init          0x08001264        0x4 d:/attolic/truestudio for arm lite 5.0.0/armtools/bin/../lib/gcc/arm-atollic-eabi/4.7.3/armv7-m/crti.o
                0x08001264                _init
 .init          0x08001268        0x8 d:/attolic/truestudio for arm lite 5.0.0/armtools/bin/../lib/gcc/arm-atollic-eabi/4.7.3/armv7-m/crtn.o
 *(.fini)
 .fini          0x08001270        0x4 d:/attolic/truestudio for arm lite 5.0.0/armtools/bin/../lib/gcc/arm-atollic-eabi/4.7.3/armv7-m/crti.o
                0x08001270                _fini
 .fini          0x08001274        0x8 d:/attolic/truestudio for arm lite 5.0.0/armtools/bin/../lib/gcc/arm-atollic-eabi/4.7.3/armv7-m/crtn.o
                0x0800127c                . = ALIGN (0x4)
                0x0800127c                _etext = .

.vfp11_veneer   0x0800127c        0x0
 .vfp11_veneer  0x00000000        0x0 linker stubs

.v4_bx          0x0800127c        0x0
 .v4_bx         0x00000000        0x0 linker stubs

.iplt           0x0800127c        0x0
 .iplt          0x00000000        0x0 d:/attolic/truestudio for arm lite 5.0.0/armtools/bin/../lib/gcc/arm-atollic-eabi/4.7.3/armv7-m/crtbegin.o

.rel.dyn        0x0800127c        0x0
 .rel.iplt      0x00000000        0x0 d:/attolic/truestudio for arm lite 5.0.0/armtools/bin/../lib/gcc/arm-atollic-eabi/4.7.3/armv7-m/crtbegin.o

.rodata         0x0800127c        0x0
                0x0800127c                . = ALIGN (0x4)
 *(.rodata)
 *(.rodata*)
                0x0800127c                . = ALIGN (0x4)

.ARM.extab
 *(.ARM.extab* .gnu.linkonce.armextab.*)

.ARM            0x0800127c        0x0
                0x0800127c                __exidx_start = .
 *(.ARM.exidx*)
                0x0800127c                __exidx_end = .

.preinit_array  0x0800127c        0x0
                0x0800127c                PROVIDE (__preinit_array_start, .)
 *(.preinit_array*)
                0x0800127c                PROVIDE (__preinit_array_end, .)

.init_array     0x0800127c        0x4
                0x0800127c                PROVIDE (__init_array_start, .)
 *(SORT(.init_array.*))
 *(.init_array*)
 .init_array    0x0800127c        0x4 d:/attolic/truestudio for arm lite 5.0.0/armtools/bin/../lib/gcc/arm-atollic-eabi/4.7.3/armv7-m/crtbegin.o
                0x08001280                PROVIDE (__init_array_end, .)

.fini_array     0x08001280        0x4
                0x08001280                PROVIDE (__fini_array_start, .)
 *(SORT(.fini_array.*))
 *(.fini_array*)
 .fini_array    0x08001280        0x4 d:/attolic/truestudio for arm lite 5.0.0/armtools/bin/../lib/gcc/arm-atollic-eabi/4.7.3/armv7-m/crtbegin.o
                0x08001284                PROVIDE (__fini_array_end, .)
                0x08001284                _sidata = LOADADDR (.data)

.data           0x20000000        0x0 load address 0x08001284
                0x20000000                . = ALIGN (0x4)
                0x20000000                _sdata = .
 *(.data)
 *(.data*)
                0x20000000                . = ALIGN (0x4)
                0x20000000                _edata = .

.jcr            0x20000000        0x0 load address 0x08001284
 .jcr           0x20000000        0x0 d:/attolic/truestudio for arm lite 5.0.0/armtools/bin/../lib/gcc/arm-atollic-eabi/4.7.3/armv7-m/crtbegin.o

.igot.plt       0x20000000        0x0 load address 0x08001284
 .igot.plt      0x00000000        0x0 d:/attolic/truestudio for arm lite 5.0.0/armtools/bin/../lib/gcc/arm-atollic-eabi/4.7.3/armv7-m/crtbegin.o
                0x20000000                . = ALIGN (0x4)

.bss            0x20000000      0x470 load address 0x08001288
                0x20000000                _sbss = .
                0x20000000                __bss_start__ = _sbss
 *(.bss)
 .bss           0x20000000       0x1c d:/attolic/truestudio for arm lite 5.0.0/armtools/bin/../lib/gcc/arm-atollic-eabi/4.7.3/armv7-m/crtbegin.o
 *(.bss*)
 *(COMMON)
 *fill*         0x2000001c        0x4 00
 COMMON         0x20000020      0x430 src\states\state.o
                0x20000020                controllerRightKtir
                0x20000098                velocityLeft
                0x200000a0                ktirRight
                0x200000a4                lastLoopTime
                0x200000a8                position
                0x200000b8                visitTimes
                0x2000011c                loopWaitTime
                0x20000120                state
                0x20000124                driveFunction
                0x20000128                direction
                0x20000130                controllerBackward
                0x200001a8                controllerLeftKtir
                0x20000220                reasonChangeState
                0x20000224                carryingCan
                0x20000225                ktirBack
                0x20000230                controllerForward
                0x200002a8                ktirFront
                0x200002b0                time
                0x200002b4                buttonStart
                0x200002b8                controllerLeftWheelSpeed
                0x20000330                velocityRight
                0x20000338                totalDistanceLeft
                0x2000033c                enemyTimes
                0x200003a0                totalDistanceRight
                0x200003a8                battery
                0x200003b0                sharp
                0x200003b4                ultra
                0x200003c4                prevState
                0x200003c8                ktirLeft
                0x200003d0                gyroDirection
                0x200003d8                controllerRightWheelSpeed
 COMMON         0x20000450       0x20 src\pid.o
                0x20000450                driveWheelPWMRight
                0x20000458                drivePIDBackwardPWMMax
                0x20000460                driveWheelPWMLeft
                0x20000468                drivePIDForwardPWMMax
                0x20000470                . = ALIGN (0x4)
                0x20000470                _ebss = .
                0x20000470                __bss_end__ = _ebss

._user_heap_stack
                0x20000470       0x80 load address 0x08001284
                0x20000470                . = ALIGN (0x4)
                0x20000470                PROVIDE (end, .)
                0x20000470                PROVIDE (_end, .)
                0x20000470                . = (. + _Min_Heap_Size)
                0x200004f0                . = (. + _Min_Stack_Size)
 *fill*         0x20000470       0x80 00
                0x200004f0                . = ALIGN (0x4)

.memory_b1_text
 *(.mb1text)
 *(.mb1text*)
 *(.mb1rodata)
 *(.mb1rodata*)

/DISCARD/
 libc.a(*)
 libm.a(*)
 libgcc.a(*)

.ARM.attributes
                0x00000000       0x29
 *(.ARM.attributes)
 .ARM.attributes
                0x00000000       0x1d d:/attolic/truestudio for arm lite 5.0.0/armtools/bin/../lib/gcc/arm-atollic-eabi/4.7.3/armv7-m/crti.o
 .ARM.attributes
                0x0000001d       0x2d d:/attolic/truestudio for arm lite 5.0.0/armtools/bin/../lib/gcc/arm-atollic-eabi/4.7.3/armv7-m/crtbegin.o
 .ARM.attributes
                0x0000004a       0x33 src\states\stateTakeCan.o
 .ARM.attributes
                0x0000007d       0x33 src\states\stateStop.o
 .ARM.attributes
                0x000000b0       0x33 src\states\stateRotate.o
 .ARM.attributes
                0x000000e3       0x33 src\states\stateManual.o
 .ARM.attributes
                0x00000116       0x33 src\states\stateLeaveCan.o
 .ARM.attributes
                0x00000149       0x33 src\states\stateGo.o
 .ARM.attributes
                0x0000017c       0x33 src\states\state.o
 .ARM.attributes
                0x000001af       0x33 src\pid.o
 .ARM.attributes
                0x000001e2       0x33 src\main.o
 .ARM.attributes
                0x00000215       0x33 src\lowlevel\system_stm32f10x.o
 .ARM.attributes
                0x00000248       0x21 src\lowlevel\startup_stm32f10x_md_vl.o
 .ARM.attributes
                0x00000269       0x33 src\lowlevel\sensors.o
 .ARM.attributes
                0x0000029c       0x33 src\lowlevel\effectors.o
 .ARM.attributes
                0x000002cf       0x33 src\lowlevel\config.o
 .ARM.attributes
                0x00000302       0x33 src\global.o
 .ARM.attributes
                0x00000335       0x2d d:/attolic/truestudio for arm lite 5.0.0/armtools/bin/../lib/gcc/arm-atollic-eabi/4.7.3/../../../../arm-atollic-eabi/lib/armv7-m\libc_s.a(lib_a-init.o)
 .ARM.attributes
                0x00000362       0x2d d:/attolic/truestudio for arm lite 5.0.0/armtools/bin/../lib/gcc/arm-atollic-eabi/4.7.3/../../../../arm-atollic-eabi/lib/armv7-m\libm.a(lib_a-s_fmax.o)
 .ARM.attributes
                0x0000038f       0x2d d:/attolic/truestudio for arm lite 5.0.0/armtools/bin/../lib/gcc/arm-atollic-eabi/4.7.3/../../../../arm-atollic-eabi/lib/armv7-m\libm.a(lib_a-s_fmin.o)
 .ARM.attributes
                0x000003bc       0x2d d:/attolic/truestudio for arm lite 5.0.0/armtools/bin/../lib/gcc/arm-atollic-eabi/4.7.3/../../../../arm-atollic-eabi/lib/armv7-m\libm.a(lib_a-s_fpclassify.o)
 .ARM.attributes
                0x000003e9       0x1d d:/attolic/truestudio for arm lite 5.0.0/armtools/bin/../lib/gcc/arm-atollic-eabi/4.7.3/armv7-m\libgcc.a(_arm_addsubdf3.o)
 .ARM.attributes
                0x00000406       0x1d d:/attolic/truestudio for arm lite 5.0.0/armtools/bin/../lib/gcc/arm-atollic-eabi/4.7.3/armv7-m\libgcc.a(_arm_muldivdf3.o)
 .ARM.attributes
                0x00000423       0x1d d:/attolic/truestudio for arm lite 5.0.0/armtools/bin/../lib/gcc/arm-atollic-eabi/4.7.3/armv7-m\libgcc.a(_arm_cmpdf2.o)
 .ARM.attributes
                0x00000440       0x1d d:/attolic/truestudio for arm lite 5.0.0/armtools/bin/../lib/gcc/arm-atollic-eabi/4.7.3/armv7-m/crtn.o
OUTPUT(Ketchup_v2.elf elf32-littlearm)

.debug_info     0x00000000     0x201d
 .debug_info    0x00000000       0x3f src\states\stateTakeCan.o
 .debug_info    0x0000003f       0x3f src\states\stateStop.o
 .debug_info    0x0000007e       0x3f src\states\stateRotate.o
 .debug_info    0x000000bd       0x3f src\states\stateManual.o
 .debug_info    0x000000fc       0x3f src\states\stateLeaveCan.o
 .debug_info    0x0000013b       0x3f src\states\stateGo.o
 .debug_info    0x0000017a      0x44a src\states\state.o
 .debug_info    0x000005c4      0xa66 src\pid.o
 .debug_info    0x0000102a      0x589 src\main.o
 .debug_info    0x000015b3      0x473 src\lowlevel\system_stm32f10x.o
 .debug_info    0x00001a26       0x78 src\lowlevel\startup_stm32f10x_md_vl.o
 .debug_info    0x00001a9e       0x3f src\lowlevel\sensors.o
 .debug_info    0x00001add       0xd9 src\lowlevel\effectors.o
 .debug_info    0x00001bb6       0x3f src\lowlevel\config.o
 .debug_info    0x00001bf5      0x428 src\global.o

.debug_abbrev   0x00000000      0x846
 .debug_abbrev  0x00000000       0x2e src\states\stateTakeCan.o
 .debug_abbrev  0x0000002e       0x2e src\states\stateStop.o
 .debug_abbrev  0x0000005c       0x2e src\states\stateRotate.o
 .debug_abbrev  0x0000008a       0x2e src\states\stateManual.o
 .debug_abbrev  0x000000b8       0x2e src\states\stateLeaveCan.o
 .debug_abbrev  0x000000e6       0x2e src\states\stateGo.o
 .debug_abbrev  0x00000114       0xd1 src\states\state.o
 .debug_abbrev  0x000001e5      0x254 src\pid.o
 .debug_abbrev  0x00000439      0x11c src\main.o
 .debug_abbrev  0x00000555      0x170 src\lowlevel\system_stm32f10x.o
 .debug_abbrev  0x000006c5       0x12 src\lowlevel\startup_stm32f10x_md_vl.o
 .debug_abbrev  0x000006d7       0x2e src\lowlevel\sensors.o
 .debug_abbrev  0x00000705       0x62 src\lowlevel\effectors.o
 .debug_abbrev  0x00000767       0x2e src\lowlevel\config.o
 .debug_abbrev  0x00000795       0xb1 src\global.o

.debug_aranges  0x00000000      0x2a0
 .debug_aranges
                0x00000000       0x20 src\states\stateTakeCan.o
 .debug_aranges
                0x00000020       0x20 src\states\stateStop.o
 .debug_aranges
                0x00000040       0x20 src\states\stateRotate.o
 .debug_aranges
                0x00000060       0x20 src\states\stateManual.o
 .debug_aranges
                0x00000080       0x20 src\states\stateLeaveCan.o
 .debug_aranges
                0x000000a0       0x20 src\states\stateGo.o
 .debug_aranges
                0x000000c0       0x20 src\states\state.o
 .debug_aranges
                0x000000e0       0xa8 src\pid.o
 .debug_aranges
                0x00000188       0x20 src\main.o
 .debug_aranges
                0x000001a8       0x28 src\lowlevel\system_stm32f10x.o
 .debug_aranges
                0x000001d0       0x28 src\lowlevel\startup_stm32f10x_md_vl.o
 .debug_aranges
                0x000001f8       0x20 src\lowlevel\sensors.o
 .debug_aranges
                0x00000218       0x48 src\lowlevel\effectors.o
 .debug_aranges
                0x00000260       0x20 src\lowlevel\config.o
 .debug_aranges
                0x00000280       0x20 src\global.o

.debug_ranges   0x00000000      0x200
 .debug_ranges  0x00000000       0x10 src\states\stateTakeCan.o
 .debug_ranges  0x00000010       0x10 src\states\stateStop.o
 .debug_ranges  0x00000020       0x10 src\states\stateRotate.o
 .debug_ranges  0x00000030       0x10 src\states\stateManual.o
 .debug_ranges  0x00000040       0x10 src\states\stateLeaveCan.o
 .debug_ranges  0x00000050       0x10 src\states\stateGo.o
 .debug_ranges  0x00000060       0x10 src\states\state.o
 .debug_ranges  0x00000070       0x98 src\pid.o
 .debug_ranges  0x00000108       0x10 src\main.o
 .debug_ranges  0x00000118       0x60 src\lowlevel\system_stm32f10x.o
 .debug_ranges  0x00000178       0x20 src\lowlevel\startup_stm32f10x_md_vl.o
 .debug_ranges  0x00000198       0x10 src\lowlevel\sensors.o
 .debug_ranges  0x000001a8       0x38 src\lowlevel\effectors.o
 .debug_ranges  0x000001e0       0x10 src\lowlevel\config.o
 .debug_ranges  0x000001f0       0x10 src\global.o

.debug_line     0x00000000      0xa5b
 .debug_line    0x00000000       0x4a src\states\stateTakeCan.o
 .debug_line    0x0000004a       0x47 src\states\stateStop.o
 .debug_line    0x00000091       0x49 src\states\stateRotate.o
 .debug_line    0x000000da       0x49 src\states\stateManual.o
 .debug_line    0x00000123       0x4b src\states\stateLeaveCan.o
 .debug_line    0x0000016e       0x45 src\states\stateGo.o
 .debug_line    0x000001b3       0x6d src\states\state.o
 .debug_line    0x00000220      0x2c5 src\pid.o
 .debug_line    0x000004e5      0x1d4 src\main.o
 .debug_line    0x000006b9      0x19f src\lowlevel\system_stm32f10x.o
 .debug_line    0x00000858       0x88 src\lowlevel\startup_stm32f10x_md_vl.o
 .debug_line    0x000008e0       0x47 src\lowlevel\sensors.o
 .debug_line    0x00000927       0x96 src\lowlevel\effectors.o
 .debug_line    0x000009bd       0x46 src\lowlevel\config.o
 .debug_line    0x00000a03       0x58 src\global.o

.debug_str      0x00000000      0x8a3
 .debug_str     0x00000000       0x9d src\states\stateTakeCan.o
 .debug_str     0x0000009d       0x24 src\states\stateStop.o
                                 0x97 (size before relaxing)
 .debug_str     0x000000c1       0x28 src\states\stateRotate.o
                                 0x9b (size before relaxing)
 .debug_str     0x000000e9       0x28 src\states\stateManual.o
                                 0x9b (size before relaxing)
 .debug_str     0x00000111       0x2c src\states\stateLeaveCan.o
                                 0x9f (size before relaxing)
 .debug_str     0x0000013d       0x20 src\states\stateGo.o
                                 0x93 (size before relaxing)
 .debug_str     0x0000015d      0x295 src\states\state.o
                                0x32a (size before relaxing)
 .debug_str     0x000003f2      0x267 src\pid.o
                                0x584 (size before relaxing)
 .debug_str     0x00000659       0x5c src\main.o
                                0x427 (size before relaxing)
 .debug_str     0x000006b5      0x17a src\lowlevel\system_stm32f10x.o
                                0x28f (size before relaxing)
 .debug_str     0x0000082f       0x1a src\lowlevel\sensors.o
                                 0x99 (size before relaxing)
 .debug_str     0x00000849       0x31 src\lowlevel\effectors.o
                                 0xd4 (size before relaxing)
 .debug_str     0x0000087a       0x19 src\lowlevel\config.o
                                 0xa2 (size before relaxing)
 .debug_str     0x00000893       0x10 src\global.o
                                0x322 (size before relaxing)

.comment        0x00000000       0x83
 .comment       0x00000000       0x83 src\states\stateTakeCan.o
                                 0x84 (size before relaxing)
 .comment       0x00000000       0x84 src\states\stateStop.o
 .comment       0x00000000       0x84 src\states\stateRotate.o
 .comment       0x00000000       0x84 src\states\stateManual.o
 .comment       0x00000000       0x84 src\states\stateLeaveCan.o
 .comment       0x00000000       0x84 src\states\stateGo.o
 .comment       0x00000000       0x84 src\states\state.o
 .comment       0x00000000       0x84 src\pid.o
 .comment       0x00000000       0x84 src\main.o
 .comment       0x00000000       0x84 src\lowlevel\system_stm32f10x.o
 .comment       0x00000000       0x84 src\lowlevel\sensors.o
 .comment       0x00000000       0x84 src\lowlevel\effectors.o
 .comment       0x00000000       0x84 src\lowlevel\config.o
 .comment       0x00000000       0x84 src\global.o

.debug_frame    0x00000000      0x490
 .debug_frame   0x00000000       0x20 src\states\stateTakeCan.o
 .debug_frame   0x00000020       0x20 src\states\stateStop.o
 .debug_frame   0x00000040       0x20 src\states\stateRotate.o
 .debug_frame   0x00000060       0x20 src\states\stateManual.o
 .debug_frame   0x00000080       0x20 src\states\stateLeaveCan.o
 .debug_frame   0x000000a0       0x20 src\states\stateGo.o
 .debug_frame   0x000000c0       0x28 src\states\state.o
 .debug_frame   0x000000e8      0x1d0 src\pid.o
 .debug_frame   0x000002b8       0x28 src\main.o
 .debug_frame   0x000002e0       0x34 src\lowlevel\system_stm32f10x.o
 .debug_frame   0x00000314       0x20 src\lowlevel\sensors.o
 .debug_frame   0x00000334       0x70 src\lowlevel\effectors.o
 .debug_frame   0x000003a4       0x20 src\lowlevel\config.o
 .debug_frame   0x000003c4       0x20 src\global.o
 .debug_frame   0x000003e4       0x2c d:/attolic/truestudio for arm lite 5.0.0/armtools/bin/../lib/gcc/arm-atollic-eabi/4.7.3/../../../../arm-atollic-eabi/lib/armv7-m\libc_s.a(lib_a-init.o)
 .debug_frame   0x00000410       0x30 d:/attolic/truestudio for arm lite 5.0.0/armtools/bin/../lib/gcc/arm-atollic-eabi/4.7.3/../../../../arm-atollic-eabi/lib/armv7-m\libm.a(lib_a-s_fmax.o)
 .debug_frame   0x00000440       0x30 d:/attolic/truestudio for arm lite 5.0.0/armtools/bin/../lib/gcc/arm-atollic-eabi/4.7.3/../../../../arm-atollic-eabi/lib/armv7-m\libm.a(lib_a-s_fmin.o)
 .debug_frame   0x00000470       0x20 d:/attolic/truestudio for arm lite 5.0.0/armtools/bin/../lib/gcc/arm-atollic-eabi/4.7.3/../../../../arm-atollic-eabi/lib/armv7-m\libm.a(lib_a-s_fpclassify.o)

.debug_loc      0x00000000      0x546
 .debug_loc     0x00000000       0x42 src\states\state.o
 .debug_loc     0x00000042      0x3b7 src\pid.o
 .debug_loc     0x000003f9       0x20 src\main.o
 .debug_loc     0x00000419      0x12d src\lowlevel\system_stm32f10x.o

Cross Reference Table

Symbol                                            File
ADC1_IRQHandler                                   src\lowlevel\startup_stm32f10x_md_vl.o
ADC_AnalogWatchdogCmd                             Libraries\STM32F10x_StdPeriph_Driver\src\stm32f10x_adc.o
ADC_AnalogWatchdogSingleChannelConfig             Libraries\STM32F10x_StdPeriph_Driver\src\stm32f10x_adc.o
ADC_AnalogWatchdogThresholdsConfig                Libraries\STM32F10x_StdPeriph_Driver\src\stm32f10x_adc.o
ADC_AutoInjectedConvCmd                           Libraries\STM32F10x_StdPeriph_Driver\src\stm32f10x_adc.o
ADC_ClearFlag                                     Libraries\STM32F10x_StdPeriph_Driver\src\stm32f10x_adc.o
ADC_ClearITPendingBit                             Libraries\STM32F10x_StdPeriph_Driver\src\stm32f10x_adc.o
ADC_Cmd                                           Libraries\STM32F10x_StdPeriph_Driver\src\stm32f10x_adc.o
ADC_DMACmd                                        Libraries\STM32F10x_StdPeriph_Driver\src\stm32f10x_adc.o
ADC_DeInit                                        Libraries\STM32F10x_StdPeriph_Driver\src\stm32f10x_adc.o
ADC_DiscModeChannelCountConfig                    Libraries\STM32F10x_StdPeriph_Driver\src\stm32f10x_adc.o
ADC_DiscModeCmd                                   Libraries\STM32F10x_StdPeriph_Driver\src\stm32f10x_adc.o
ADC_ExternalTrigConvCmd                           Libraries\STM32F10x_StdPeriph_Driver\src\stm32f10x_adc.o
ADC_ExternalTrigInjectedConvCmd                   Libraries\STM32F10x_StdPeriph_Driver\src\stm32f10x_adc.o
ADC_ExternalTrigInjectedConvConfig                Libraries\STM32F10x_StdPeriph_Driver\src\stm32f10x_adc.o
ADC_GetCalibrationStatus                          Libraries\STM32F10x_StdPeriph_Driver\src\stm32f10x_adc.o
ADC_GetConversionValue                            Libraries\STM32F10x_StdPeriph_Driver\src\stm32f10x_adc.o
ADC_GetDualModeConversionValue                    Libraries\STM32F10x_StdPeriph_Driver\src\stm32f10x_adc.o
ADC_GetFlagStatus                                 Libraries\STM32F10x_StdPeriph_Driver\src\stm32f10x_adc.o
ADC_GetITStatus                                   Libraries\STM32F10x_StdPeriph_Driver\src\stm32f10x_adc.o
ADC_GetInjectedConversionValue                    Libraries\STM32F10x_StdPeriph_Driver\src\stm32f10x_adc.o
ADC_GetResetCalibrationStatus                     Libraries\STM32F10x_StdPeriph_Driver\src\stm32f10x_adc.o
ADC_GetSoftwareStartConvStatus                    Libraries\STM32F10x_StdPeriph_Driver\src\stm32f10x_adc.o
ADC_GetSoftwareStartInjectedConvCmdStatus         Libraries\STM32F10x_StdPeriph_Driver\src\stm32f10x_adc.o
ADC_ITConfig                                      Libraries\STM32F10x_StdPeriph_Driver\src\stm32f10x_adc.o
ADC_Init                                          Libraries\STM32F10x_StdPeriph_Driver\src\stm32f10x_adc.o
ADC_InjectedChannelConfig                         Libraries\STM32F10x_StdPeriph_Driver\src\stm32f10x_adc.o
ADC_InjectedDiscModeCmd                           Libraries\STM32F10x_StdPeriph_Driver\src\stm32f10x_adc.o
ADC_InjectedSequencerLengthConfig                 Libraries\STM32F10x_StdPeriph_Driver\src\stm32f10x_adc.o
ADC_RegularChannelConfig                          Libraries\STM32F10x_StdPeriph_Driver\src\stm32f10x_adc.o
ADC_ResetCalibration                              Libraries\STM32F10x_StdPeriph_Driver\src\stm32f10x_adc.o
ADC_SetInjectedOffset                             Libraries\STM32F10x_StdPeriph_Driver\src\stm32f10x_adc.o
ADC_SoftwareStartConvCmd                          Libraries\STM32F10x_StdPeriph_Driver\src\stm32f10x_adc.o
ADC_SoftwareStartInjectedConvCmd                  Libraries\STM32F10x_StdPeriph_Driver\src\stm32f10x_adc.o
ADC_StartCalibration                              Libraries\STM32F10x_StdPeriph_Driver\src\stm32f10x_adc.o
ADC_StructInit                                    Libraries\STM32F10x_StdPeriph_Driver\src\stm32f10x_adc.o
ADC_TempSensorVrefintCmd                          Libraries\STM32F10x_StdPeriph_Driver\src\stm32f10x_adc.o
AHBPrescTable                                     src\lowlevel\system_stm32f10x.o
BKP_ClearFlag                                     Libraries\STM32F10x_StdPeriph_Driver\src\stm32f10x_bkp.o
BKP_ClearITPendingBit                             Libraries\STM32F10x_StdPeriph_Driver\src\stm32f10x_bkp.o
BKP_DeInit                                        Libraries\STM32F10x_StdPeriph_Driver\src\stm32f10x_bkp.o
BKP_GetFlagStatus                                 Libraries\STM32F10x_StdPeriph_Driver\src\stm32f10x_bkp.o
BKP_GetITStatus                                   Libraries\STM32F10x_StdPeriph_Driver\src\stm32f10x_bkp.o
BKP_ITConfig                                      Libraries\STM32F10x_StdPeriph_Driver\src\stm32f10x_bkp.o
BKP_RTCOutputConfig                               Libraries\STM32F10x_StdPeriph_Driver\src\stm32f10x_bkp.o
BKP_ReadBackupRegister                            Libraries\STM32F10x_StdPeriph_Driver\src\stm32f10x_bkp.o
BKP_SetRTCCalibrationValue                        Libraries\STM32F10x_StdPeriph_Driver\src\stm32f10x_bkp.o
BKP_TamperPinCmd                                  Libraries\STM32F10x_StdPeriph_Driver\src\stm32f10x_bkp.o
BKP_TamperPinLevelConfig                          Libraries\STM32F10x_StdPeriph_Driver\src\stm32f10x_bkp.o
BKP_WriteBackupRegister                           Libraries\STM32F10x_StdPeriph_Driver\src\stm32f10x_bkp.o
BUTTON_CLK                                        Utilities\STM32_EVAL\STM32_Discovery\STM32vldiscovery.o
BUTTON_EXTI_LINE                                  Utilities\STM32_EVAL\STM32_Discovery\STM32vldiscovery.o
BUTTON_IRQn                                       Utilities\STM32_EVAL\STM32_Discovery\STM32vldiscovery.o
BUTTON_PIN                                        Utilities\STM32_EVAL\STM32_Discovery\STM32vldiscovery.o
BUTTON_PIN_SOURCE                                 Utilities\STM32_EVAL\STM32_Discovery\STM32vldiscovery.o
BUTTON_PORT                                       Utilities\STM32_EVAL\STM32_Discovery\STM32vldiscovery.o
BUTTON_PORT_SOURCE                                Utilities\STM32_EVAL\STM32_Discovery\STM32vldiscovery.o
BusFault_Handler                                  src\lowlevel\startup_stm32f10x_md_vl.o
CAN_CancelTransmit                                Libraries\STM32F10x_StdPeriph_Driver\src\stm32f10x_can.o
CAN_ClearFlag                                     Libraries\STM32F10x_StdPeriph_Driver\src\stm32f10x_can.o
CAN_ClearITPendingBit                             Libraries\STM32F10x_StdPeriph_Driver\src\stm32f10x_can.o
CAN_DBGFreeze                                     Libraries\STM32F10x_StdPeriph_Driver\src\stm32f10x_can.o
CAN_DeInit                                        Libraries\STM32F10x_StdPeriph_Driver\src\stm32f10x_can.o
CAN_FIFORelease                                   Libraries\STM32F10x_StdPeriph_Driver\src\stm32f10x_can.o
CAN_FilterInit                                    Libraries\STM32F10x_StdPeriph_Driver\src\stm32f10x_can.o
CAN_GetFlagStatus                                 Libraries\STM32F10x_StdPeriph_Driver\src\stm32f10x_can.o
CAN_GetITStatus                                   Libraries\STM32F10x_StdPeriph_Driver\src\stm32f10x_can.o
CAN_GetLSBTransmitErrorCounter                    Libraries\STM32F10x_StdPeriph_Driver\src\stm32f10x_can.o
CAN_GetLastErrorCode                              Libraries\STM32F10x_StdPeriph_Driver\src\stm32f10x_can.o
CAN_GetReceiveErrorCounter                        Libraries\STM32F10x_StdPeriph_Driver\src\stm32f10x_can.o
CAN_ITConfig                                      Libraries\STM32F10x_StdPeriph_Driver\src\stm32f10x_can.o
CAN_Init                                          Libraries\STM32F10x_StdPeriph_Driver\src\stm32f10x_can.o
CAN_MessagePending                                Libraries\STM32F10x_StdPeriph_Driver\src\stm32f10x_can.o
CAN_OperatingModeRequest                          Libraries\STM32F10x_StdPeriph_Driver\src\stm32f10x_can.o
CAN_Receive                                       Libraries\STM32F10x_StdPeriph_Driver\src\stm32f10x_can.o
CAN_SlaveStartBank                                Libraries\STM32F10x_StdPeriph_Driver\src\stm32f10x_can.o
CAN_Sleep                                         Libraries\STM32F10x_StdPeriph_Driver\src\stm32f10x_can.o
CAN_StructInit                                    Libraries\STM32F10x_StdPeriph_Driver\src\stm32f10x_can.o
CAN_TTComModeCmd                                  Libraries\STM32F10x_StdPeriph_Driver\src\stm32f10x_can.o
CAN_Transmit                                      Libraries\STM32F10x_StdPeriph_Driver\src\stm32f10x_can.o
CAN_TransmitStatus                                Libraries\STM32F10x_StdPeriph_Driver\src\stm32f10x_can.o
CAN_WakeUp                                        Libraries\STM32F10x_StdPeriph_Driver\src\stm32f10x_can.o
CEC_ClearFlag                                     Libraries\STM32F10x_StdPeriph_Driver\src\stm32f10x_cec.o
CEC_ClearITPendingBit                             Libraries\STM32F10x_StdPeriph_Driver\src\stm32f10x_cec.o
CEC_Cmd                                           Libraries\STM32F10x_StdPeriph_Driver\src\stm32f10x_cec.o
CEC_DeInit                                        Libraries\STM32F10x_StdPeriph_Driver\src\stm32f10x_cec.o
CEC_EndOfMessageCmd                               Libraries\STM32F10x_StdPeriph_Driver\src\stm32f10x_cec.o
CEC_GetFlagStatus                                 Libraries\STM32F10x_StdPeriph_Driver\src\stm32f10x_cec.o
CEC_GetITStatus                                   Libraries\STM32F10x_StdPeriph_Driver\src\stm32f10x_cec.o
CEC_IRQHandler                                    src\lowlevel\startup_stm32f10x_md_vl.o
CEC_ITConfig                                      Libraries\STM32F10x_StdPeriph_Driver\src\stm32f10x_cec.o
CEC_Init                                          Libraries\STM32F10x_StdPeriph_Driver\src\stm32f10x_cec.o
CEC_OwnAddressConfig                              Libraries\STM32F10x_StdPeriph_Driver\src\stm32f10x_cec.o
CEC_ReceiveDataByte                               Libraries\STM32F10x_StdPeriph_Driver\src\stm32f10x_cec.o
CEC_SendDataByte                                  Libraries\STM32F10x_StdPeriph_Driver\src\stm32f10x_cec.o
CEC_SetPrescaler                                  Libraries\STM32F10x_StdPeriph_Driver\src\stm32f10x_cec.o
CEC_StartOfMessage                                Libraries\STM32F10x_StdPeriph_Driver\src\stm32f10x_cec.o
CRC_CalcBlockCRC                                  Libraries\STM32F10x_StdPeriph_Driver\src\stm32f10x_crc.o
CRC_CalcCRC                                       Libraries\STM32F10x_StdPeriph_Driver\src\stm32f10x_crc.o
CRC_GetCRC                                        Libraries\STM32F10x_StdPeriph_Driver\src\stm32f10x_crc.o
CRC_GetIDRegister                                 Libraries\STM32F10x_StdPeriph_Driver\src\stm32f10x_crc.o
CRC_ResetDR                                       Libraries\STM32F10x_StdPeriph_Driver\src\stm32f10x_crc.o
CRC_SetIDRegister                                 Libraries\STM32F10x_StdPeriph_Driver\src\stm32f10x_crc.o
DAC_ClearFlag                                     Libraries\STM32F10x_StdPeriph_Driver\src\stm32f10x_dac.o
DAC_ClearITPendingBit                             Libraries\STM32F10x_StdPeriph_Driver\src\stm32f10x_dac.o
DAC_Cmd                                           Libraries\STM32F10x_StdPeriph_Driver\src\stm32f10x_dac.o
DAC_DMACmd                                        Libraries\STM32F10x_StdPeriph_Driver\src\stm32f10x_dac.o
DAC_DeInit                                        Libraries\STM32F10x_StdPeriph_Driver\src\stm32f10x_dac.o
DAC_DualSoftwareTriggerCmd                        Libraries\STM32F10x_StdPeriph_Driver\src\stm32f10x_dac.o
DAC_GetDataOutputValue                            Libraries\STM32F10x_StdPeriph_Driver\src\stm32f10x_dac.o
DAC_GetFlagStatus                                 Libraries\STM32F10x_StdPeriph_Driver\src\stm32f10x_dac.o
DAC_GetITStatus                                   Libraries\STM32F10x_StdPeriph_Driver\src\stm32f10x_dac.o
DAC_ITConfig                                      Libraries\STM32F10x_StdPeriph_Driver\src\stm32f10x_dac.o
DAC_Init                                          Libraries\STM32F10x_StdPeriph_Driver\src\stm32f10x_dac.o
DAC_SetChannel1Data                               Libraries\STM32F10x_StdPeriph_Driver\src\stm32f10x_dac.o
DAC_SetChannel2Data                               Libraries\STM32F10x_StdPeriph_Driver\src\stm32f10x_dac.o
DAC_SetDualChannelData                            Libraries\STM32F10x_StdPeriph_Driver\src\stm32f10x_dac.o
DAC_SoftwareTriggerCmd                            Libraries\STM32F10x_StdPeriph_Driver\src\stm32f10x_dac.o
DAC_StructInit                                    Libraries\STM32F10x_StdPeriph_Driver\src\stm32f10x_dac.o
DAC_WaveGenerationCmd                             Libraries\STM32F10x_StdPeriph_Driver\src\stm32f10x_dac.o
DBGMCU_Config                                     Libraries\STM32F10x_StdPeriph_Driver\src\stm32f10x_dbgmcu.o
DBGMCU_GetDEVID                                   Libraries\STM32F10x_StdPeriph_Driver\src\stm32f10x_dbgmcu.o
DBGMCU_GetREVID                                   Libraries\STM32F10x_StdPeriph_Driver\src\stm32f10x_dbgmcu.o
DMA1_Channel1_IRQHandler                          src\lowlevel\startup_stm32f10x_md_vl.o
DMA1_Channel2_IRQHandler                          src\lowlevel\startup_stm32f10x_md_vl.o
DMA1_Channel3_IRQHandler                          src\lowlevel\startup_stm32f10x_md_vl.o
DMA1_Channel4_IRQHandler                          src\lowlevel\startup_stm32f10x_md_vl.o
DMA1_Channel5_IRQHandler                          src\lowlevel\startup_stm32f10x_md_vl.o
DMA1_Channel6_IRQHandler                          src\lowlevel\startup_stm32f10x_md_vl.o
DMA1_Channel7_IRQHandler                          src\lowlevel\startup_stm32f10x_md_vl.o
DMA_ClearFlag                                     Libraries\STM32F10x_StdPeriph_Driver\src\stm32f10x_dma.o
DMA_ClearITPendingBit                             Libraries\STM32F10x_StdPeriph_Driver\src\stm32f10x_dma.o
DMA_Cmd                                           Libraries\STM32F10x_StdPeriph_Driver\src\stm32f10x_dma.o
DMA_DeInit                                        Libraries\STM32F10x_StdPeriph_Driver\src\stm32f10x_dma.o
DMA_GetCurrDataCounter                            Libraries\STM32F10x_StdPeriph_Driver\src\stm32f10x_dma.o
DMA_GetFlagStatus                                 Libraries\STM32F10x_StdPeriph_Driver\src\stm32f10x_dma.o
DMA_GetITStatus                                   Libraries\STM32F10x_StdPeriph_Driver\src\stm32f10x_dma.o
DMA_ITConfig                                      Libraries\STM32F10x_StdPeriph_Driver\src\stm32f10x_dma.o
DMA_Init                                          Libraries\STM32F10x_StdPeriph_Driver\src\stm32f10x_dma.o
DMA_SetCurrDataCounter                            Libraries\STM32F10x_StdPeriph_Driver\src\stm32f10x_dma.o
DMA_StructInit                                    Libraries\STM32F10x_StdPeriph_Driver\src\stm32f10x_dma.o
DebugMon_Handler                                  src\lowlevel\startup_stm32f10x_md_vl.o
Default_Handler                                   src\lowlevel\startup_stm32f10x_md_vl.o
EXTI0_IRQHandler                                  src\lowlevel\startup_stm32f10x_md_vl.o
EXTI15_10_IRQHandler                              src\lowlevel\startup_stm32f10x_md_vl.o
EXTI1_IRQHandler                                  src\lowlevel\startup_stm32f10x_md_vl.o
EXTI2_IRQHandler                                  src\lowlevel\startup_stm32f10x_md_vl.o
EXTI3_IRQHandler                                  src\lowlevel\startup_stm32f10x_md_vl.o
EXTI4_IRQHandler                                  src\lowlevel\startup_stm32f10x_md_vl.o
EXTI9_5_IRQHandler                                src\lowlevel\startup_stm32f10x_md_vl.o
EXTI_ClearFlag                                    Libraries\STM32F10x_StdPeriph_Driver\src\stm32f10x_exti.o
EXTI_ClearITPendingBit                            Libraries\STM32F10x_StdPeriph_Driver\src\stm32f10x_exti.o
EXTI_DeInit                                       Libraries\STM32F10x_StdPeriph_Driver\src\stm32f10x_exti.o
EXTI_GenerateSWInterrupt                          Libraries\STM32F10x_StdPeriph_Driver\src\stm32f10x_exti.o
EXTI_GetFlagStatus                                Libraries\STM32F10x_StdPeriph_Driver\src\stm32f10x_exti.o
EXTI_GetITStatus                                  Libraries\STM32F10x_StdPeriph_Driver\src\stm32f10x_exti.o
EXTI_Init                                         Libraries\STM32F10x_StdPeriph_Driver\src\stm32f10x_exti.o
                                                  Utilities\STM32_EVAL\STM32_Discovery\STM32vldiscovery.o
EXTI_StructInit                                   Libraries\STM32F10x_StdPeriph_Driver\src\stm32f10x_exti.o
FLASH_ClearFlag                                   Libraries\STM32F10x_StdPeriph_Driver\src\stm32f10x_flash.o
FLASH_EnableWriteProtection                       Libraries\STM32F10x_StdPeriph_Driver\src\stm32f10x_flash.o
FLASH_EraseAllBank1Pages                          Libraries\STM32F10x_StdPeriph_Driver\src\stm32f10x_flash.o
FLASH_EraseAllPages                               Libraries\STM32F10x_StdPeriph_Driver\src\stm32f10x_flash.o
FLASH_EraseOptionBytes                            Libraries\STM32F10x_StdPeriph_Driver\src\stm32f10x_flash.o
FLASH_ErasePage                                   Libraries\STM32F10x_StdPeriph_Driver\src\stm32f10x_flash.o
FLASH_GetBank1Status                              Libraries\STM32F10x_StdPeriph_Driver\src\stm32f10x_flash.o
FLASH_GetFlagStatus                               Libraries\STM32F10x_StdPeriph_Driver\src\stm32f10x_flash.o
FLASH_GetPrefetchBufferStatus                     Libraries\STM32F10x_StdPeriph_Driver\src\stm32f10x_flash.o
FLASH_GetReadOutProtectionStatus                  Libraries\STM32F10x_StdPeriph_Driver\src\stm32f10x_flash.o
FLASH_GetStatus                                   Libraries\STM32F10x_StdPeriph_Driver\src\stm32f10x_flash.o
FLASH_GetUserOptionByte                           Libraries\STM32F10x_StdPeriph_Driver\src\stm32f10x_flash.o
FLASH_GetWriteProtectionOptionByte                Libraries\STM32F10x_StdPeriph_Driver\src\stm32f10x_flash.o
FLASH_HalfCycleAccessCmd                          Libraries\STM32F10x_StdPeriph_Driver\src\stm32f10x_flash.o
FLASH_IRQHandler                                  src\lowlevel\startup_stm32f10x_md_vl.o
FLASH_ITConfig                                    Libraries\STM32F10x_StdPeriph_Driver\src\stm32f10x_flash.o
FLASH_Lock                                        Libraries\STM32F10x_StdPeriph_Driver\src\stm32f10x_flash.o
FLASH_LockBank1                                   Libraries\STM32F10x_StdPeriph_Driver\src\stm32f10x_flash.o
FLASH_PrefetchBufferCmd                           Libraries\STM32F10x_StdPeriph_Driver\src\stm32f10x_flash.o
FLASH_ProgramHalfWord                             Libraries\STM32F10x_StdPeriph_Driver\src\stm32f10x_flash.o
FLASH_ProgramOptionByteData                       Libraries\STM32F10x_StdPeriph_Driver\src\stm32f10x_flash.o
FLASH_ProgramWord                                 Libraries\STM32F10x_StdPeriph_Driver\src\stm32f10x_flash.o
FLASH_ReadOutProtection                           Libraries\STM32F10x_StdPeriph_Driver\src\stm32f10x_flash.o
FLASH_SetLatency                                  Libraries\STM32F10x_StdPeriph_Driver\src\stm32f10x_flash.o
FLASH_Unlock                                      Libraries\STM32F10x_StdPeriph_Driver\src\stm32f10x_flash.o
FLASH_UnlockBank1                                 Libraries\STM32F10x_StdPeriph_Driver\src\stm32f10x_flash.o
FLASH_UserOptionByteConfig                        Libraries\STM32F10x_StdPeriph_Driver\src\stm32f10x_flash.o
FLASH_WaitForLastBank1Operation                   Libraries\STM32F10x_StdPeriph_Driver\src\stm32f10x_flash.o
FLASH_WaitForLastOperation                        Libraries\STM32F10x_StdPeriph_Driver\src\stm32f10x_flash.o
FSMC_ClearFlag                                    Libraries\STM32F10x_StdPeriph_Driver\src\stm32f10x_fsmc.o
FSMC_ClearITPendingBit                            Libraries\STM32F10x_StdPeriph_Driver\src\stm32f10x_fsmc.o
FSMC_GetECC                                       Libraries\STM32F10x_StdPeriph_Driver\src\stm32f10x_fsmc.o
FSMC_GetFlagStatus                                Libraries\STM32F10x_StdPeriph_Driver\src\stm32f10x_fsmc.o
FSMC_GetITStatus                                  Libraries\STM32F10x_StdPeriph_Driver\src\stm32f10x_fsmc.o
FSMC_ITConfig                                     Libraries\STM32F10x_StdPeriph_Driver\src\stm32f10x_fsmc.o
FSMC_NANDCmd                                      Libraries\STM32F10x_StdPeriph_Driver\src\stm32f10x_fsmc.o
FSMC_NANDDeInit                                   Libraries\STM32F10x_StdPeriph_Driver\src\stm32f10x_fsmc.o
FSMC_NANDECCCmd                                   Libraries\STM32F10x_StdPeriph_Driver\src\stm32f10x_fsmc.o
FSMC_NANDInit                                     Libraries\STM32F10x_StdPeriph_Driver\src\stm32f10x_fsmc.o
FSMC_NANDStructInit                               Libraries\STM32F10x_StdPeriph_Driver\src\stm32f10x_fsmc.o
FSMC_NORSRAMCmd                                   Libraries\STM32F10x_StdPeriph_Driver\src\stm32f10x_fsmc.o
FSMC_NORSRAMDeInit                                Libraries\STM32F10x_StdPeriph_Driver\src\stm32f10x_fsmc.o
FSMC_NORSRAMInit                                  Libraries\STM32F10x_StdPeriph_Driver\src\stm32f10x_fsmc.o
FSMC_NORSRAMStructInit                            Libraries\STM32F10x_StdPeriph_Driver\src\stm32f10x_fsmc.o
FSMC_PCCARDCmd                                    Libraries\STM32F10x_StdPeriph_Driver\src\stm32f10x_fsmc.o
FSMC_PCCARDDeInit                                 Libraries\STM32F10x_StdPeriph_Driver\src\stm32f10x_fsmc.o
FSMC_PCCARDInit                                   Libraries\STM32F10x_StdPeriph_Driver\src\stm32f10x_fsmc.o
FSMC_PCCARDStructInit                             Libraries\STM32F10x_StdPeriph_Driver\src\stm32f10x_fsmc.o
GPIO_AFIODeInit                                   Libraries\STM32F10x_StdPeriph_Driver\src\stm32f10x_gpio.o
GPIO_CLK                                          Utilities\STM32_EVAL\STM32_Discovery\STM32vldiscovery.o
GPIO_DeInit                                       Libraries\STM32F10x_StdPeriph_Driver\src\stm32f10x_gpio.o
GPIO_ETH_MediaInterfaceConfig                     Libraries\STM32F10x_StdPeriph_Driver\src\stm32f10x_gpio.o
GPIO_EXTILineConfig                               Libraries\STM32F10x_StdPeriph_Driver\src\stm32f10x_gpio.o
                                                  Utilities\STM32_EVAL\STM32_Discovery\STM32vldiscovery.o
GPIO_EventOutputCmd                               Libraries\STM32F10x_StdPeriph_Driver\src\stm32f10x_gpio.o
GPIO_EventOutputConfig                            Libraries\STM32F10x_StdPeriph_Driver\src\stm32f10x_gpio.o
GPIO_Init                                         Libraries\STM32F10x_StdPeriph_Driver\src\stm32f10x_gpio.o
                                                  Utilities\STM32_EVAL\STM32_Discovery\STM32vldiscovery.o
GPIO_PIN                                          Utilities\STM32_EVAL\STM32_Discovery\STM32vldiscovery.o
GPIO_PORT                                         Utilities\STM32_EVAL\STM32_Discovery\STM32vldiscovery.o
GPIO_PinLockConfig                                Libraries\STM32F10x_StdPeriph_Driver\src\stm32f10x_gpio.o
GPIO_PinRemapConfig                               Libraries\STM32F10x_StdPeriph_Driver\src\stm32f10x_gpio.o
GPIO_ReadInputData                                Libraries\STM32F10x_StdPeriph_Driver\src\stm32f10x_gpio.o
GPIO_ReadInputDataBit                             Libraries\STM32F10x_StdPeriph_Driver\src\stm32f10x_gpio.o
                                                  Utilities\STM32_EVAL\STM32_Discovery\STM32vldiscovery.o
GPIO_ReadOutputData                               Libraries\STM32F10x_StdPeriph_Driver\src\stm32f10x_gpio.o
GPIO_ReadOutputDataBit                            Libraries\STM32F10x_StdPeriph_Driver\src\stm32f10x_gpio.o
GPIO_ResetBits                                    Libraries\STM32F10x_StdPeriph_Driver\src\stm32f10x_gpio.o
GPIO_SetBits                                      Libraries\STM32F10x_StdPeriph_Driver\src\stm32f10x_gpio.o
GPIO_StructInit                                   Libraries\STM32F10x_StdPeriph_Driver\src\stm32f10x_gpio.o
GPIO_Write                                        Libraries\STM32F10x_StdPeriph_Driver\src\stm32f10x_gpio.o
GPIO_WriteBit                                     Libraries\STM32F10x_StdPeriph_Driver\src\stm32f10x_gpio.o
HardFault_Handler                                 src\lowlevel\startup_stm32f10x_md_vl.o
I2C1_ER_IRQHandler                                src\lowlevel\startup_stm32f10x_md_vl.o
I2C1_EV_IRQHandler                                src\lowlevel\startup_stm32f10x_md_vl.o
I2C2_ER_IRQHandler                                src\lowlevel\startup_stm32f10x_md_vl.o
I2C2_EV_IRQHandler                                src\lowlevel\startup_stm32f10x_md_vl.o
I2C_ARPCmd                                        Libraries\STM32F10x_StdPeriph_Driver\src\stm32f10x_i2c.o
I2C_AcknowledgeConfig                             Libraries\STM32F10x_StdPeriph_Driver\src\stm32f10x_i2c.o
I2C_CalculatePEC                                  Libraries\STM32F10x_StdPeriph_Driver\src\stm32f10x_i2c.o
I2C_CheckEvent                                    Libraries\STM32F10x_StdPeriph_Driver\src\stm32f10x_i2c.o
I2C_ClearFlag                                     Libraries\STM32F10x_StdPeriph_Driver\src\stm32f10x_i2c.o
I2C_ClearITPendingBit                             Libraries\STM32F10x_StdPeriph_Driver\src\stm32f10x_i2c.o
I2C_Cmd                                           Libraries\STM32F10x_StdPeriph_Driver\src\stm32f10x_i2c.o
I2C_DMACmd                                        Libraries\STM32F10x_StdPeriph_Driver\src\stm32f10x_i2c.o
I2C_DMALastTransferCmd                            Libraries\STM32F10x_StdPeriph_Driver\src\stm32f10x_i2c.o
I2C_DeInit                                        Libraries\STM32F10x_StdPeriph_Driver\src\stm32f10x_i2c.o
I2C_DualAddressCmd                                Libraries\STM32F10x_StdPeriph_Driver\src\stm32f10x_i2c.o
I2C_FastModeDutyCycleConfig                       Libraries\STM32F10x_StdPeriph_Driver\src\stm32f10x_i2c.o
I2C_GeneralCallCmd                                Libraries\STM32F10x_StdPeriph_Driver\src\stm32f10x_i2c.o
I2C_GenerateSTART                                 Libraries\STM32F10x_StdPeriph_Driver\src\stm32f10x_i2c.o
I2C_GenerateSTOP                                  Libraries\STM32F10x_StdPeriph_Driver\src\stm32f10x_i2c.o
I2C_GetFlagStatus                                 Libraries\STM32F10x_StdPeriph_Driver\src\stm32f10x_i2c.o
I2C_GetITStatus                                   Libraries\STM32F10x_StdPeriph_Driver\src\stm32f10x_i2c.o
I2C_GetLastEvent                                  Libraries\STM32F10x_StdPeriph_Driver\src\stm32f10x_i2c.o
I2C_GetPEC                                        Libraries\STM32F10x_StdPeriph_Driver\src\stm32f10x_i2c.o
I2C_ITConfig                                      Libraries\STM32F10x_StdPeriph_Driver\src\stm32f10x_i2c.o
I2C_Init                                          Libraries\STM32F10x_StdPeriph_Driver\src\stm32f10x_i2c.o
I2C_NACKPositionConfig                            Libraries\STM32F10x_StdPeriph_Driver\src\stm32f10x_i2c.o
I2C_OwnAddress2Config                             Libraries\STM32F10x_StdPeriph_Driver\src\stm32f10x_i2c.o
I2C_PECPositionConfig                             Libraries\STM32F10x_StdPeriph_Driver\src\stm32f10x_i2c.o
I2C_ReadRegister                                  Libraries\STM32F10x_StdPeriph_Driver\src\stm32f10x_i2c.o
I2C_ReceiveData                                   Libraries\STM32F10x_StdPeriph_Driver\src\stm32f10x_i2c.o
I2C_SMBusAlertConfig                              Libraries\STM32F10x_StdPeriph_Driver\src\stm32f10x_i2c.o
I2C_Send7bitAddress                               Libraries\STM32F10x_StdPeriph_Driver\src\stm32f10x_i2c.o
I2C_SendData                                      Libraries\STM32F10x_StdPeriph_Driver\src\stm32f10x_i2c.o
I2C_SoftwareResetCmd                              Libraries\STM32F10x_StdPeriph_Driver\src\stm32f10x_i2c.o
I2C_StretchClockCmd                               Libraries\STM32F10x_StdPeriph_Driver\src\stm32f10x_i2c.o
I2C_StructInit                                    Libraries\STM32F10x_StdPeriph_Driver\src\stm32f10x_i2c.o
I2C_TransmitPEC                                   Libraries\STM32F10x_StdPeriph_Driver\src\stm32f10x_i2c.o
I2S_Cmd                                           Libraries\STM32F10x_StdPeriph_Driver\src\stm32f10x_spi.o
I2S_Init                                          Libraries\STM32F10x_StdPeriph_Driver\src\stm32f10x_spi.o
I2S_StructInit                                    Libraries\STM32F10x_StdPeriph_Driver\src\stm32f10x_spi.o
IWDG_Enable                                       Libraries\STM32F10x_StdPeriph_Driver\src\stm32f10x_iwdg.o
IWDG_GetFlagStatus                                Libraries\STM32F10x_StdPeriph_Driver\src\stm32f10x_iwdg.o
IWDG_ReloadCounter                                Libraries\STM32F10x_StdPeriph_Driver\src\stm32f10x_iwdg.o
IWDG_SetPrescaler                                 Libraries\STM32F10x_StdPeriph_Driver\src\stm32f10x_iwdg.o
IWDG_SetReload                                    Libraries\STM32F10x_StdPeriph_Driver\src\stm32f10x_iwdg.o
IWDG_WriteAccessCmd                               Libraries\STM32F10x_StdPeriph_Driver\src\stm32f10x_iwdg.o
MemManage_Handler                                 src\lowlevel\startup_stm32f10x_md_vl.o
NMI_Handler                                       src\lowlevel\startup_stm32f10x_md_vl.o
NVIC_Init                                         Libraries\STM32F10x_StdPeriph_Driver\src\misc.o
                                                  Utilities\STM32_EVAL\STM32_Discovery\STM32vldiscovery.o
NVIC_PriorityGroupConfig                          Libraries\STM32F10x_StdPeriph_Driver\src\misc.o
NVIC_SetVectorTable                               Libraries\STM32F10x_StdPeriph_Driver\src\misc.o
NVIC_SystemLPConfig                               Libraries\STM32F10x_StdPeriph_Driver\src\misc.o
PID                                               src\pid.o
PVD_IRQHandler                                    src\lowlevel\startup_stm32f10x_md_vl.o
PWR_BackupAccessCmd                               Libraries\STM32F10x_StdPeriph_Driver\src\stm32f10x_pwr.o
PWR_ClearFlag                                     Libraries\STM32F10x_StdPeriph_Driver\src\stm32f10x_pwr.o
PWR_DeInit                                        Libraries\STM32F10x_StdPeriph_Driver\src\stm32f10x_pwr.o
PWR_EnterSTANDBYMode                              Libraries\STM32F10x_StdPeriph_Driver\src\stm32f10x_pwr.o
PWR_EnterSTOPMode                                 Libraries\STM32F10x_StdPeriph_Driver\src\stm32f10x_pwr.o
PWR_GetFlagStatus                                 Libraries\STM32F10x_StdPeriph_Driver\src\stm32f10x_pwr.o
PWR_PVDCmd                                        Libraries\STM32F10x_StdPeriph_Driver\src\stm32f10x_pwr.o
PWR_PVDLevelConfig                                Libraries\STM32F10x_StdPeriph_Driver\src\stm32f10x_pwr.o
PWR_WakeUpPinCmd                                  Libraries\STM32F10x_StdPeriph_Driver\src\stm32f10x_pwr.o
PendSV_Handler                                    src\lowlevel\startup_stm32f10x_md_vl.o
RCC_ADCCLKConfig                                  Libraries\STM32F10x_StdPeriph_Driver\src\stm32f10x_rcc.o
RCC_AHBPeriphClockCmd                             Libraries\STM32F10x_StdPeriph_Driver\src\stm32f10x_rcc.o
RCC_APB1PeriphClockCmd                            Libraries\STM32F10x_StdPeriph_Driver\src\stm32f10x_rcc.o
RCC_APB1PeriphResetCmd                            Libraries\STM32F10x_StdPeriph_Driver\src\stm32f10x_rcc.o
                                                  Libraries\STM32F10x_StdPeriph_Driver\src\stm32f10x_can.o
                                                  Libraries\STM32F10x_StdPeriph_Driver\src\stm32f10x_cec.o
                                                  Libraries\STM32F10x_StdPeriph_Driver\src\stm32f10x_dac.o
                                                  Libraries\STM32F10x_StdPeriph_Driver\src\stm32f10x_i2c.o
                                                  Libraries\STM32F10x_StdPeriph_Driver\src\stm32f10x_pwr.o
                                                  Libraries\STM32F10x_StdPeriph_Driver\src\stm32f10x_spi.o
                                                  Libraries\STM32F10x_StdPeriph_Driver\src\stm32f10x_tim.o
                                                  Libraries\STM32F10x_StdPeriph_Driver\src\stm32f10x_usart.o
                                                  Libraries\STM32F10x_StdPeriph_Driver\src\stm32f10x_wwdg.o
RCC_APB2PeriphClockCmd                            Libraries\STM32F10x_StdPeriph_Driver\src\stm32f10x_rcc.o
                                                  Utilities\STM32_EVAL\STM32_Discovery\STM32vldiscovery.o
RCC_APB2PeriphResetCmd                            Libraries\STM32F10x_StdPeriph_Driver\src\stm32f10x_rcc.o
                                                  Libraries\STM32F10x_StdPeriph_Driver\src\stm32f10x_adc.o
                                                  Libraries\STM32F10x_StdPeriph_Driver\src\stm32f10x_gpio.o
                                                  Libraries\STM32F10x_StdPeriph_Driver\src\stm32f10x_spi.o
                                                  Libraries\STM32F10x_StdPeriph_Driver\src\stm32f10x_tim.o
                                                  Libraries\STM32F10x_StdPeriph_Driver\src\stm32f10x_usart.o
RCC_AdjustHSICalibrationValue                     Libraries\STM32F10x_StdPeriph_Driver\src\stm32f10x_rcc.o
RCC_BackupResetCmd                                Libraries\STM32F10x_StdPeriph_Driver\src\stm32f10x_rcc.o
                                                  Libraries\STM32F10x_StdPeriph_Driver\src\stm32f10x_bkp.o
RCC_ClearFlag                                     Libraries\STM32F10x_StdPeriph_Driver\src\stm32f10x_rcc.o
RCC_ClearITPendingBit                             Libraries\STM32F10x_StdPeriph_Driver\src\stm32f10x_rcc.o
RCC_ClockSecuritySystemCmd                        Libraries\STM32F10x_StdPeriph_Driver\src\stm32f10x_rcc.o
RCC_DeInit                                        Libraries\STM32F10x_StdPeriph_Driver\src\stm32f10x_rcc.o
RCC_GetClocksFreq                                 Libraries\STM32F10x_StdPeriph_Driver\src\stm32f10x_rcc.o
                                                  Libraries\STM32F10x_StdPeriph_Driver\src\stm32f10x_i2c.o
                                                  Libraries\STM32F10x_StdPeriph_Driver\src\stm32f10x_spi.o
                                                  Libraries\STM32F10x_StdPeriph_Driver\src\stm32f10x_usart.o
RCC_GetFlagStatus                                 Libraries\STM32F10x_StdPeriph_Driver\src\stm32f10x_rcc.o
RCC_GetITStatus                                   Libraries\STM32F10x_StdPeriph_Driver\src\stm32f10x_rcc.o
RCC_GetSYSCLKSource                               Libraries\STM32F10x_StdPeriph_Driver\src\stm32f10x_rcc.o
RCC_HCLKConfig                                    Libraries\STM32F10x_StdPeriph_Driver\src\stm32f10x_rcc.o
RCC_HSEConfig                                     Libraries\STM32F10x_StdPeriph_Driver\src\stm32f10x_rcc.o
RCC_HSICmd                                        Libraries\STM32F10x_StdPeriph_Driver\src\stm32f10x_rcc.o
RCC_IRQHandler                                    src\lowlevel\startup_stm32f10x_md_vl.o
RCC_ITConfig                                      Libraries\STM32F10x_StdPeriph_Driver\src\stm32f10x_rcc.o
RCC_LSEConfig                                     Libraries\STM32F10x_StdPeriph_Driver\src\stm32f10x_rcc.o
RCC_LSICmd                                        Libraries\STM32F10x_StdPeriph_Driver\src\stm32f10x_rcc.o
RCC_MCOConfig                                     Libraries\STM32F10x_StdPeriph_Driver\src\stm32f10x_rcc.o
RCC_PCLK1Config                                   Libraries\STM32F10x_StdPeriph_Driver\src\stm32f10x_rcc.o
RCC_PCLK2Config                                   Libraries\STM32F10x_StdPeriph_Driver\src\stm32f10x_rcc.o
RCC_PLLCmd                                        Libraries\STM32F10x_StdPeriph_Driver\src\stm32f10x_rcc.o
RCC_PLLConfig                                     Libraries\STM32F10x_StdPeriph_Driver\src\stm32f10x_rcc.o
RCC_PREDIV1Config                                 Libraries\STM32F10x_StdPeriph_Driver\src\stm32f10x_rcc.o
RCC_RTCCLKCmd                                     Libraries\STM32F10x_StdPeriph_Driver\src\stm32f10x_rcc.o
RCC_RTCCLKConfig                                  Libraries\STM32F10x_StdPeriph_Driver\src\stm32f10x_rcc.o
RCC_SYSCLKConfig                                  Libraries\STM32F10x_StdPeriph_Driver\src\stm32f10x_rcc.o
RCC_USBCLKConfig                                  Libraries\STM32F10x_StdPeriph_Driver\src\stm32f10x_rcc.o
RCC_WaitForHSEStartUp                             Libraries\STM32F10x_StdPeriph_Driver\src\stm32f10x_rcc.o
RTCAlarm_IRQHandler                               src\lowlevel\startup_stm32f10x_md_vl.o
RTC_ClearFlag                                     Libraries\STM32F10x_StdPeriph_Driver\src\stm32f10x_rtc.o
RTC_ClearITPendingBit                             Libraries\STM32F10x_StdPeriph_Driver\src\stm32f10x_rtc.o
RTC_EnterConfigMode                               Libraries\STM32F10x_StdPeriph_Driver\src\stm32f10x_rtc.o
RTC_ExitConfigMode                                Libraries\STM32F10x_StdPeriph_Driver\src\stm32f10x_rtc.o
RTC_GetCounter                                    Libraries\STM32F10x_StdPeriph_Driver\src\stm32f10x_rtc.o
RTC_GetDivider                                    Libraries\STM32F10x_StdPeriph_Driver\src\stm32f10x_rtc.o
RTC_GetFlagStatus                                 Libraries\STM32F10x_StdPeriph_Driver\src\stm32f10x_rtc.o
RTC_GetITStatus                                   Libraries\STM32F10x_StdPeriph_Driver\src\stm32f10x_rtc.o
RTC_IRQHandler                                    src\lowlevel\startup_stm32f10x_md_vl.o
RTC_ITConfig                                      Libraries\STM32F10x_StdPeriph_Driver\src\stm32f10x_rtc.o
RTC_SetAlarm                                      Libraries\STM32F10x_StdPeriph_Driver\src\stm32f10x_rtc.o
RTC_SetCounter                                    Libraries\STM32F10x_StdPeriph_Driver\src\stm32f10x_rtc.o
RTC_SetPrescaler                                  Libraries\STM32F10x_StdPeriph_Driver\src\stm32f10x_rtc.o
RTC_WaitForLastTask                               Libraries\STM32F10x_StdPeriph_Driver\src\stm32f10x_rtc.o
RTC_WaitForSynchro                                Libraries\STM32F10x_StdPeriph_Driver\src\stm32f10x_rtc.o
Reset_Handler                                     src\lowlevel\startup_stm32f10x_md_vl.o
SDIO_CEATAITCmd                                   Libraries\STM32F10x_StdPeriph_Driver\src\stm32f10x_sdio.o
SDIO_ClearFlag                                    Libraries\STM32F10x_StdPeriph_Driver\src\stm32f10x_sdio.o
SDIO_ClearITPendingBit                            Libraries\STM32F10x_StdPeriph_Driver\src\stm32f10x_sdio.o
SDIO_ClockCmd                                     Libraries\STM32F10x_StdPeriph_Driver\src\stm32f10x_sdio.o
SDIO_CmdStructInit                                Libraries\STM32F10x_StdPeriph_Driver\src\stm32f10x_sdio.o
SDIO_CommandCompletionCmd                         Libraries\STM32F10x_StdPeriph_Driver\src\stm32f10x_sdio.o
SDIO_DMACmd                                       Libraries\STM32F10x_StdPeriph_Driver\src\stm32f10x_sdio.o
SDIO_DataConfig                                   Libraries\STM32F10x_StdPeriph_Driver\src\stm32f10x_sdio.o
SDIO_DataStructInit                               Libraries\STM32F10x_StdPeriph_Driver\src\stm32f10x_sdio.o
SDIO_DeInit                                       Libraries\STM32F10x_StdPeriph_Driver\src\stm32f10x_sdio.o
SDIO_GetCommandResponse                           Libraries\STM32F10x_StdPeriph_Driver\src\stm32f10x_sdio.o
SDIO_GetDataCounter                               Libraries\STM32F10x_StdPeriph_Driver\src\stm32f10x_sdio.o
SDIO_GetFIFOCount                                 Libraries\STM32F10x_StdPeriph_Driver\src\stm32f10x_sdio.o
SDIO_GetFlagStatus                                Libraries\STM32F10x_StdPeriph_Driver\src\stm32f10x_sdio.o
SDIO_GetITStatus                                  Libraries\STM32F10x_StdPeriph_Driver\src\stm32f10x_sdio.o
SDIO_GetPowerState                                Libraries\STM32F10x_StdPeriph_Driver\src\stm32f10x_sdio.o
SDIO_GetResponse                                  Libraries\STM32F10x_StdPeriph_Driver\src\stm32f10x_sdio.o
SDIO_ITConfig                                     Libraries\STM32F10x_StdPeriph_Driver\src\stm32f10x_sdio.o
SDIO_Init                                         Libraries\STM32F10x_StdPeriph_Driver\src\stm32f10x_sdio.o
SDIO_ReadData                                     Libraries\STM32F10x_StdPeriph_Driver\src\stm32f10x_sdio.o
SDIO_SendCEATACmd                                 Libraries\STM32F10x_StdPeriph_Driver\src\stm32f10x_sdio.o
SDIO_SendCommand                                  Libraries\STM32F10x_StdPeriph_Driver\src\stm32f10x_sdio.o
SDIO_SendSDIOSuspendCmd                           Libraries\STM32F10x_StdPeriph_Driver\src\stm32f10x_sdio.o
SDIO_SetPowerState                                Libraries\STM32F10x_StdPeriph_Driver\src\stm32f10x_sdio.o
SDIO_SetSDIOOperation                             Libraries\STM32F10x_StdPeriph_Driver\src\stm32f10x_sdio.o
SDIO_SetSDIOReadWaitMode                          Libraries\STM32F10x_StdPeriph_Driver\src\stm32f10x_sdio.o
SDIO_StartSDIOReadWait                            Libraries\STM32F10x_StdPeriph_Driver\src\stm32f10x_sdio.o
SDIO_StopSDIOReadWait                             Libraries\STM32F10x_StdPeriph_Driver\src\stm32f10x_sdio.o
SDIO_StructInit                                   Libraries\STM32F10x_StdPeriph_Driver\src\stm32f10x_sdio.o
SDIO_WriteData                                    Libraries\STM32F10x_StdPeriph_Driver\src\stm32f10x_sdio.o
SPI1_IRQHandler                                   src\lowlevel\startup_stm32f10x_md_vl.o
SPI2_IRQHandler                                   src\lowlevel\startup_stm32f10x_md_vl.o
SPI_BiDirectionalLineConfig                       Libraries\STM32F10x_StdPeriph_Driver\src\stm32f10x_spi.o
SPI_CalculateCRC                                  Libraries\STM32F10x_StdPeriph_Driver\src\stm32f10x_spi.o
SPI_Cmd                                           Libraries\STM32F10x_StdPeriph_Driver\src\stm32f10x_spi.o
SPI_DataSizeConfig                                Libraries\STM32F10x_StdPeriph_Driver\src\stm32f10x_spi.o
SPI_GetCRC                                        Libraries\STM32F10x_StdPeriph_Driver\src\stm32f10x_spi.o
SPI_GetCRCPolynomial                              Libraries\STM32F10x_StdPeriph_Driver\src\stm32f10x_spi.o
SPI_I2S_ClearFlag                                 Libraries\STM32F10x_StdPeriph_Driver\src\stm32f10x_spi.o
SPI_I2S_ClearITPendingBit                         Libraries\STM32F10x_StdPeriph_Driver\src\stm32f10x_spi.o
SPI_I2S_DMACmd                                    Libraries\STM32F10x_StdPeriph_Driver\src\stm32f10x_spi.o
SPI_I2S_DeInit                                    Libraries\STM32F10x_StdPeriph_Driver\src\stm32f10x_spi.o
SPI_I2S_GetFlagStatus                             Libraries\STM32F10x_StdPeriph_Driver\src\stm32f10x_spi.o
SPI_I2S_GetITStatus                               Libraries\STM32F10x_StdPeriph_Driver\src\stm32f10x_spi.o
SPI_I2S_ITConfig                                  Libraries\STM32F10x_StdPeriph_Driver\src\stm32f10x_spi.o
SPI_I2S_ReceiveData                               Libraries\STM32F10x_StdPeriph_Driver\src\stm32f10x_spi.o
SPI_I2S_SendData                                  Libraries\STM32F10x_StdPeriph_Driver\src\stm32f10x_spi.o
SPI_Init                                          Libraries\STM32F10x_StdPeriph_Driver\src\stm32f10x_spi.o
SPI_NSSInternalSoftwareConfig                     Libraries\STM32F10x_StdPeriph_Driver\src\stm32f10x_spi.o
SPI_SSOutputCmd                                   Libraries\STM32F10x_StdPeriph_Driver\src\stm32f10x_spi.o
SPI_StructInit                                    Libraries\STM32F10x_StdPeriph_Driver\src\stm32f10x_spi.o
SPI_TransmitCRC                                   Libraries\STM32F10x_StdPeriph_Driver\src\stm32f10x_spi.o
STM32vldiscovery_LEDInit                          Utilities\STM32_EVAL\STM32_Discovery\STM32vldiscovery.o
STM32vldiscovery_LEDOff                           Utilities\STM32_EVAL\STM32_Discovery\STM32vldiscovery.o
STM32vldiscovery_LEDOn                            Utilities\STM32_EVAL\STM32_Discovery\STM32vldiscovery.o
STM32vldiscovery_LEDToggle                        Utilities\STM32_EVAL\STM32_Discovery\STM32vldiscovery.o
STM32vldiscovery_PBGetState                       Utilities\STM32_EVAL\STM32_Discovery\STM32vldiscovery.o
STM32vldiscovery_PBInit                           Utilities\STM32_EVAL\STM32_Discovery\STM32vldiscovery.o
SVC_Handler                                       src\lowlevel\startup_stm32f10x_md_vl.o
SysTick_CLKSourceConfig                           Libraries\STM32F10x_StdPeriph_Driver\src\misc.o
SysTick_Handler                                   src\lowlevel\startup_stm32f10x_md_vl.o
SystemCoreClock                                   src\lowlevel\system_stm32f10x.o
SystemCoreClockUpdate                             src\lowlevel\system_stm32f10x.o
SystemInit                                        src\lowlevel\system_stm32f10x.o
                                                  src\lowlevel\startup_stm32f10x_md_vl.o
TAMPER_IRQHandler                                 src\lowlevel\startup_stm32f10x_md_vl.o
TIM1_BRK_TIM15_IRQHandler                         src\lowlevel\startup_stm32f10x_md_vl.o
TIM1_CC_IRQHandler                                src\lowlevel\startup_stm32f10x_md_vl.o
TIM1_TRG_COM_TIM17_IRQHandler                     src\lowlevel\startup_stm32f10x_md_vl.o
TIM1_UP_TIM16_IRQHandler                          src\lowlevel\startup_stm32f10x_md_vl.o
TIM2_IRQHandler                                   src\lowlevel\startup_stm32f10x_md_vl.o
TIM3_IRQHandler                                   src\lowlevel\startup_stm32f10x_md_vl.o
TIM4_IRQHandler                                   src\lowlevel\startup_stm32f10x_md_vl.o
TIM6_DAC_IRQHandler                               src\lowlevel\startup_stm32f10x_md_vl.o
TIM7_IRQHandler                                   src\lowlevel\startup_stm32f10x_md_vl.o
TIM_ARRPreloadConfig                              Libraries\STM32F10x_StdPeriph_Driver\src\stm32f10x_tim.o
TIM_BDTRConfig                                    Libraries\STM32F10x_StdPeriph_Driver\src\stm32f10x_tim.o
TIM_BDTRStructInit                                Libraries\STM32F10x_StdPeriph_Driver\src\stm32f10x_tim.o
TIM_CCPreloadControl                              Libraries\STM32F10x_StdPeriph_Driver\src\stm32f10x_tim.o
TIM_CCxCmd                                        Libraries\STM32F10x_StdPeriph_Driver\src\stm32f10x_tim.o
TIM_CCxNCmd                                       Libraries\STM32F10x_StdPeriph_Driver\src\stm32f10x_tim.o
TIM_ClearFlag                                     Libraries\STM32F10x_StdPeriph_Driver\src\stm32f10x_tim.o
TIM_ClearITPendingBit                             Libraries\STM32F10x_StdPeriph_Driver\src\stm32f10x_tim.o
TIM_ClearOC1Ref                                   Libraries\STM32F10x_StdPeriph_Driver\src\stm32f10x_tim.o
TIM_ClearOC2Ref                                   Libraries\STM32F10x_StdPeriph_Driver\src\stm32f10x_tim.o
TIM_ClearOC3Ref                                   Libraries\STM32F10x_StdPeriph_Driver\src\stm32f10x_tim.o
TIM_ClearOC4Ref                                   Libraries\STM32F10x_StdPeriph_Driver\src\stm32f10x_tim.o
TIM_Cmd                                           Libraries\STM32F10x_StdPeriph_Driver\src\stm32f10x_tim.o
TIM_CounterModeConfig                             Libraries\STM32F10x_StdPeriph_Driver\src\stm32f10x_tim.o
TIM_CtrlPWMOutputs                                Libraries\STM32F10x_StdPeriph_Driver\src\stm32f10x_tim.o
TIM_DMACmd                                        Libraries\STM32F10x_StdPeriph_Driver\src\stm32f10x_tim.o
TIM_DMAConfig                                     Libraries\STM32F10x_StdPeriph_Driver\src\stm32f10x_tim.o
TIM_DeInit                                        Libraries\STM32F10x_StdPeriph_Driver\src\stm32f10x_tim.o
TIM_ETRClockMode1Config                           Libraries\STM32F10x_StdPeriph_Driver\src\stm32f10x_tim.o
TIM_ETRClockMode2Config                           Libraries\STM32F10x_StdPeriph_Driver\src\stm32f10x_tim.o
TIM_ETRConfig                                     Libraries\STM32F10x_StdPeriph_Driver\src\stm32f10x_tim.o
TIM_EncoderInterfaceConfig                        Libraries\STM32F10x_StdPeriph_Driver\src\stm32f10x_tim.o
TIM_ForcedOC1Config                               Libraries\STM32F10x_StdPeriph_Driver\src\stm32f10x_tim.o
TIM_ForcedOC2Config                               Libraries\STM32F10x_StdPeriph_Driver\src\stm32f10x_tim.o
TIM_ForcedOC3Config                               Libraries\STM32F10x_StdPeriph_Driver\src\stm32f10x_tim.o
TIM_ForcedOC4Config                               Libraries\STM32F10x_StdPeriph_Driver\src\stm32f10x_tim.o
TIM_GenerateEvent                                 Libraries\STM32F10x_StdPeriph_Driver\src\stm32f10x_tim.o
TIM_GetCapture1                                   Libraries\STM32F10x_StdPeriph_Driver\src\stm32f10x_tim.o
TIM_GetCapture2                                   Libraries\STM32F10x_StdPeriph_Driver\src\stm32f10x_tim.o
TIM_GetCapture3                                   Libraries\STM32F10x_StdPeriph_Driver\src\stm32f10x_tim.o
TIM_GetCapture4                                   Libraries\STM32F10x_StdPeriph_Driver\src\stm32f10x_tim.o
TIM_GetCounter                                    Libraries\STM32F10x_StdPeriph_Driver\src\stm32f10x_tim.o
TIM_GetFlagStatus                                 Libraries\STM32F10x_StdPeriph_Driver\src\stm32f10x_tim.o
TIM_GetITStatus                                   Libraries\STM32F10x_StdPeriph_Driver\src\stm32f10x_tim.o
TIM_GetPrescaler                                  Libraries\STM32F10x_StdPeriph_Driver\src\stm32f10x_tim.o
TIM_ICInit                                        Libraries\STM32F10x_StdPeriph_Driver\src\stm32f10x_tim.o
TIM_ICStructInit                                  Libraries\STM32F10x_StdPeriph_Driver\src\stm32f10x_tim.o
TIM_ITConfig                                      Libraries\STM32F10x_StdPeriph_Driver\src\stm32f10x_tim.o
TIM_ITRxExternalClockConfig                       Libraries\STM32F10x_StdPeriph_Driver\src\stm32f10x_tim.o
TIM_InternalClockConfig                           Libraries\STM32F10x_StdPeriph_Driver\src\stm32f10x_tim.o
TIM_OC1FastConfig                                 Libraries\STM32F10x_StdPeriph_Driver\src\stm32f10x_tim.o
TIM_OC1Init                                       Libraries\STM32F10x_StdPeriph_Driver\src\stm32f10x_tim.o
TIM_OC1NPolarityConfig                            Libraries\STM32F10x_StdPeriph_Driver\src\stm32f10x_tim.o
TIM_OC1PolarityConfig                             Libraries\STM32F10x_StdPeriph_Driver\src\stm32f10x_tim.o
TIM_OC1PreloadConfig                              Libraries\STM32F10x_StdPeriph_Driver\src\stm32f10x_tim.o
TIM_OC2FastConfig                                 Libraries\STM32F10x_StdPeriph_Driver\src\stm32f10x_tim.o
TIM_OC2Init                                       Libraries\STM32F10x_StdPeriph_Driver\src\stm32f10x_tim.o
TIM_OC2NPolarityConfig                            Libraries\STM32F10x_StdPeriph_Driver\src\stm32f10x_tim.o
TIM_OC2PolarityConfig                             Libraries\STM32F10x_StdPeriph_Driver\src\stm32f10x_tim.o
TIM_OC2PreloadConfig                              Libraries\STM32F10x_StdPeriph_Driver\src\stm32f10x_tim.o
TIM_OC3FastConfig                                 Libraries\STM32F10x_StdPeriph_Driver\src\stm32f10x_tim.o
TIM_OC3Init                                       Libraries\STM32F10x_StdPeriph_Driver\src\stm32f10x_tim.o
TIM_OC3NPolarityConfig                            Libraries\STM32F10x_StdPeriph_Driver\src\stm32f10x_tim.o
TIM_OC3PolarityConfig                             Libraries\STM32F10x_StdPeriph_Driver\src\stm32f10x_tim.o
TIM_OC3PreloadConfig                              Libraries\STM32F10x_StdPeriph_Driver\src\stm32f10x_tim.o
TIM_OC4FastConfig                                 Libraries\STM32F10x_StdPeriph_Driver\src\stm32f10x_tim.o
TIM_OC4Init                                       Libraries\STM32F10x_StdPeriph_Driver\src\stm32f10x_tim.o
TIM_OC4PolarityConfig                             Libraries\STM32F10x_StdPeriph_Driver\src\stm32f10x_tim.o
TIM_OC4PreloadConfig                              Libraries\STM32F10x_StdPeriph_Driver\src\stm32f10x_tim.o
TIM_OCStructInit                                  Libraries\STM32F10x_StdPeriph_Driver\src\stm32f10x_tim.o
TIM_PWMIConfig                                    Libraries\STM32F10x_StdPeriph_Driver\src\stm32f10x_tim.o
TIM_PrescalerConfig                               Libraries\STM32F10x_StdPeriph_Driver\src\stm32f10x_tim.o
TIM_SelectCCDMA                                   Libraries\STM32F10x_StdPeriph_Driver\src\stm32f10x_tim.o
TIM_SelectCOM                                     Libraries\STM32F10x_StdPeriph_Driver\src\stm32f10x_tim.o
TIM_SelectHallSensor                              Libraries\STM32F10x_StdPeriph_Driver\src\stm32f10x_tim.o
TIM_SelectInputTrigger                            Libraries\STM32F10x_StdPeriph_Driver\src\stm32f10x_tim.o
TIM_SelectMasterSlaveMode                         Libraries\STM32F10x_StdPeriph_Driver\src\stm32f10x_tim.o
TIM_SelectOCxM                                    Libraries\STM32F10x_StdPeriph_Driver\src\stm32f10x_tim.o
TIM_SelectOnePulseMode                            Libraries\STM32F10x_StdPeriph_Driver\src\stm32f10x_tim.o
TIM_SelectOutputTrigger                           Libraries\STM32F10x_StdPeriph_Driver\src\stm32f10x_tim.o
TIM_SelectSlaveMode                               Libraries\STM32F10x_StdPeriph_Driver\src\stm32f10x_tim.o
TIM_SetAutoreload                                 Libraries\STM32F10x_StdPeriph_Driver\src\stm32f10x_tim.o
TIM_SetClockDivision                              Libraries\STM32F10x_StdPeriph_Driver\src\stm32f10x_tim.o
TIM_SetCompare1                                   Libraries\STM32F10x_StdPeriph_Driver\src\stm32f10x_tim.o
TIM_SetCompare2                                   Libraries\STM32F10x_StdPeriph_Driver\src\stm32f10x_tim.o
TIM_SetCompare3                                   Libraries\STM32F10x_StdPeriph_Driver\src\stm32f10x_tim.o
TIM_SetCompare4                                   Libraries\STM32F10x_StdPeriph_Driver\src\stm32f10x_tim.o
TIM_SetCounter                                    Libraries\STM32F10x_StdPeriph_Driver\src\stm32f10x_tim.o
TIM_SetIC1Prescaler                               Libraries\STM32F10x_StdPeriph_Driver\src\stm32f10x_tim.o
TIM_SetIC2Prescaler                               Libraries\STM32F10x_StdPeriph_Driver\src\stm32f10x_tim.o
TIM_SetIC3Prescaler                               Libraries\STM32F10x_StdPeriph_Driver\src\stm32f10x_tim.o
TIM_SetIC4Prescaler                               Libraries\STM32F10x_StdPeriph_Driver\src\stm32f10x_tim.o
TIM_TIxExternalClockConfig                        Libraries\STM32F10x_StdPeriph_Driver\src\stm32f10x_tim.o
TIM_TimeBaseInit                                  Libraries\STM32F10x_StdPeriph_Driver\src\stm32f10x_tim.o
TIM_TimeBaseStructInit                            Libraries\STM32F10x_StdPeriph_Driver\src\stm32f10x_tim.o
TIM_UpdateDisableConfig                           Libraries\STM32F10x_StdPeriph_Driver\src\stm32f10x_tim.o
TIM_UpdateRequestConfig                           Libraries\STM32F10x_StdPeriph_Driver\src\stm32f10x_tim.o
USART1_IRQHandler                                 src\lowlevel\startup_stm32f10x_md_vl.o
USART2_IRQHandler                                 src\lowlevel\startup_stm32f10x_md_vl.o
USART3_IRQHandler                                 src\lowlevel\startup_stm32f10x_md_vl.o
USART_ClearFlag                                   Libraries\STM32F10x_StdPeriph_Driver\src\stm32f10x_usart.o
USART_ClearITPendingBit                           Libraries\STM32F10x_StdPeriph_Driver\src\stm32f10x_usart.o
USART_ClockInit                                   Libraries\STM32F10x_StdPeriph_Driver\src\stm32f10x_usart.o
USART_ClockStructInit                             Libraries\STM32F10x_StdPeriph_Driver\src\stm32f10x_usart.o
USART_Cmd                                         Libraries\STM32F10x_StdPeriph_Driver\src\stm32f10x_usart.o
USART_DMACmd                                      Libraries\STM32F10x_StdPeriph_Driver\src\stm32f10x_usart.o
USART_DeInit                                      Libraries\STM32F10x_StdPeriph_Driver\src\stm32f10x_usart.o
USART_GetFlagStatus                               Libraries\STM32F10x_StdPeriph_Driver\src\stm32f10x_usart.o
USART_GetITStatus                                 Libraries\STM32F10x_StdPeriph_Driver\src\stm32f10x_usart.o
USART_HalfDuplexCmd                               Libraries\STM32F10x_StdPeriph_Driver\src\stm32f10x_usart.o
USART_ITConfig                                    Libraries\STM32F10x_StdPeriph_Driver\src\stm32f10x_usart.o
USART_Init                                        Libraries\STM32F10x_StdPeriph_Driver\src\stm32f10x_usart.o
USART_IrDACmd                                     Libraries\STM32F10x_StdPeriph_Driver\src\stm32f10x_usart.o
USART_IrDAConfig                                  Libraries\STM32F10x_StdPeriph_Driver\src\stm32f10x_usart.o
USART_LINBreakDetectLengthConfig                  Libraries\STM32F10x_StdPeriph_Driver\src\stm32f10x_usart.o
USART_LINCmd                                      Libraries\STM32F10x_StdPeriph_Driver\src\stm32f10x_usart.o
USART_OneBitMethodCmd                             Libraries\STM32F10x_StdPeriph_Driver\src\stm32f10x_usart.o
USART_OverSampling8Cmd                            Libraries\STM32F10x_StdPeriph_Driver\src\stm32f10x_usart.o
USART_ReceiveData                                 Libraries\STM32F10x_StdPeriph_Driver\src\stm32f10x_usart.o
USART_ReceiverWakeUpCmd                           Libraries\STM32F10x_StdPeriph_Driver\src\stm32f10x_usart.o
USART_SendBreak                                   Libraries\STM32F10x_StdPeriph_Driver\src\stm32f10x_usart.o
USART_SendData                                    Libraries\STM32F10x_StdPeriph_Driver\src\stm32f10x_usart.o
USART_SetAddress                                  Libraries\STM32F10x_StdPeriph_Driver\src\stm32f10x_usart.o
USART_SetGuardTime                                Libraries\STM32F10x_StdPeriph_Driver\src\stm32f10x_usart.o
USART_SetPrescaler                                Libraries\STM32F10x_StdPeriph_Driver\src\stm32f10x_usart.o
USART_SmartCardCmd                                Libraries\STM32F10x_StdPeriph_Driver\src\stm32f10x_usart.o
USART_SmartCardNACKCmd                            Libraries\STM32F10x_StdPeriph_Driver\src\stm32f10x_usart.o
USART_StructInit                                  Libraries\STM32F10x_StdPeriph_Driver\src\stm32f10x_usart.o
USART_WakeUpConfig                                Libraries\STM32F10x_StdPeriph_Driver\src\stm32f10x_usart.o
UsageFault_Handler                                src\lowlevel\startup_stm32f10x_md_vl.o
WWDG_ClearFlag                                    Libraries\STM32F10x_StdPeriph_Driver\src\stm32f10x_wwdg.o
WWDG_DeInit                                       Libraries\STM32F10x_StdPeriph_Driver\src\stm32f10x_wwdg.o
WWDG_Enable                                       Libraries\STM32F10x_StdPeriph_Driver\src\stm32f10x_wwdg.o
WWDG_EnableIT                                     Libraries\STM32F10x_StdPeriph_Driver\src\stm32f10x_wwdg.o
WWDG_GetFlagStatus                                Libraries\STM32F10x_StdPeriph_Driver\src\stm32f10x_wwdg.o
WWDG_IRQHandler                                   src\lowlevel\startup_stm32f10x_md_vl.o
WWDG_SetCounter                                   Libraries\STM32F10x_StdPeriph_Driver\src\stm32f10x_wwdg.o
WWDG_SetPrescaler                                 Libraries\STM32F10x_StdPeriph_Driver\src\stm32f10x_wwdg.o
WWDG_SetWindowValue                               Libraries\STM32F10x_StdPeriph_Driver\src\stm32f10x_wwdg.o
_Jv_RegisterClasses                               d:/attolic/truestudio for arm lite 5.0.0/armtools/bin/../lib/gcc/arm-atollic-eabi/4.7.3/armv7-m/crtbegin.o
__adddf3                                          d:/attolic/truestudio for arm lite 5.0.0/armtools/bin/../lib/gcc/arm-atollic-eabi/4.7.3/armv7-m\libgcc.a(_arm_addsubdf3.o)
__aeabi_cdcmpeq                                   d:/attolic/truestudio for arm lite 5.0.0/armtools/bin/../lib/gcc/arm-atollic-eabi/4.7.3/armv7-m\libgcc.a(_arm_cmpdf2.o)
__aeabi_cdcmple                                   d:/attolic/truestudio for arm lite 5.0.0/armtools/bin/../lib/gcc/arm-atollic-eabi/4.7.3/armv7-m\libgcc.a(_arm_cmpdf2.o)
__aeabi_cdrcmple                                  d:/attolic/truestudio for arm lite 5.0.0/armtools/bin/../lib/gcc/arm-atollic-eabi/4.7.3/armv7-m\libgcc.a(_arm_cmpdf2.o)
__aeabi_d2iz                                      d:/attolic/truestudio for arm lite 5.0.0/armtools/bin/../lib/gcc/arm-atollic-eabi/4.7.3/armv7-m\libgcc.a(_arm_fixdfsi.o)
                                                  d:/attolic/truestudio for arm lite 5.0.0/armtools/bin/../lib/gcc/arm-atollic-eabi/4.7.3/../../../../arm-atollic-eabi/lib/armv7-m\libm.a(lib_a-k_sin.o)