Archive member included because of file (symbol)

d:/attolic/truestudio for arm lite 5.0.0/armtools/bin/../lib/gcc/arm-atollic-eabi/4.7.3/../../../../arm-atollic-eabi/lib/armv7-m\libc_s.a(lib_a-init.o)
                              src\startup_stm32f10x_md_vl.o (__libc_init_array)
d:/attolic/truestudio for arm lite 5.0.0/armtools/bin/../lib/gcc/arm-atollic-eabi/4.7.3/../../../../arm-atollic-eabi/lib/armv7-m\libc_s.a(lib_a-strlen.o)
                              src\tiny_printf.o (strlen)
d:/attolic/truestudio for arm lite 5.0.0/armtools/bin/../lib/gcc/arm-atollic-eabi/4.7.3/../../../../arm-atollic-eabi/lib/armv7-m\libc_s.a(lib_a-syscalls.o)
                              src\tiny_printf.o (_write)
d:/attolic/truestudio for arm lite 5.0.0/armtools/bin/../lib/gcc/arm-atollic-eabi/4.7.3/../../../../arm-atollic-eabi/lib/armv7-m\libc_s.a(lib_a-reent.o)
                              d:/attolic/truestudio for arm lite 5.0.0/armtools/bin/../lib/gcc/arm-atollic-eabi/4.7.3/../../../../arm-atollic-eabi/lib/armv7-m\libc_s.a(lib_a-syscalls.o) (errno)
d:/attolic/truestudio for arm lite 5.0.0/armtools/bin/../lib/gcc/arm-atollic-eabi/4.7.3/../../../../arm-atollic-eabi/lib/armv7-m\libc_s.a(lib_a-freer.o)
                              d:/attolic/truestudio for arm lite 5.0.0/armtools/bin/../lib/gcc/arm-atollic-eabi/4.7.3/../../../../arm-atollic-eabi/lib/armv7-m\libc_s.a(lib_a-reent.o) (_free_r)
d:/attolic/truestudio for arm lite 5.0.0/armtools/bin/../lib/gcc/arm-atollic-eabi/4.7.3/../../../../arm-atollic-eabi/lib/armv7-m\libc_s.a(lib_a-impure.o)
                              d:/attolic/truestudio for arm lite 5.0.0/armtools/bin/../lib/gcc/arm-atollic-eabi/4.7.3/../../../../arm-atollic-eabi/lib/armv7-m\libc_s.a(lib_a-reent.o) (_impure_ptr)
d:/attolic/truestudio for arm lite 5.0.0/armtools/bin/../lib/gcc/arm-atollic-eabi/4.7.3/../../../../arm-atollic-eabi/lib/armv7-m\libc_s.a(lib_a-mallocr.o)
                              d:/attolic/truestudio for arm lite 5.0.0/armtools/bin/../lib/gcc/arm-atollic-eabi/4.7.3/../../../../arm-atollic-eabi/lib/armv7-m\libc_s.a(lib_a-freer.o) (__malloc_free_list)
d:/attolic/truestudio for arm lite 5.0.0/armtools/bin/../lib/gcc/arm-atollic-eabi/4.7.3/../../../../arm-atollic-eabi/lib/armv7-m\libc_s.a(lib_a-sbrkr.o)
                              d:/attolic/truestudio for arm lite 5.0.0/armtools/bin/../lib/gcc/arm-atollic-eabi/4.7.3/../../../../arm-atollic-eabi/lib/armv7-m\libc_s.a(lib_a-mallocr.o) (_sbrk_r)
d:/attolic/truestudio for arm lite 5.0.0/armtools/bin/../lib/gcc/arm-atollic-eabi/4.7.3/../../../../arm-atollic-eabi/lib/armv7-m\libm.a(lib_a-s_cos.o)
                              src\main.o (cos)
d:/attolic/truestudio for arm lite 5.0.0/armtools/bin/../lib/gcc/arm-atollic-eabi/4.7.3/../../../../arm-atollic-eabi/lib/armv7-m\libm.a(lib_a-s_sin.o)
                              src\main.o (sin)
d:/attolic/truestudio for arm lite 5.0.0/armtools/bin/../lib/gcc/arm-atollic-eabi/4.7.3/../../../../arm-atollic-eabi/lib/armv7-m\libm.a(lib_a-w_atan2.o)
                              src\main.o (atan2)
d:/attolic/truestudio for arm lite 5.0.0/armtools/bin/../lib/gcc/arm-atollic-eabi/4.7.3/../../../../arm-atollic-eabi/lib/armv7-m\libm.a(lib_a-e_atan2.o)
                              d:/attolic/truestudio for arm lite 5.0.0/armtools/bin/../lib/gcc/arm-atollic-eabi/4.7.3/../../../../arm-atollic-eabi/lib/armv7-m\libm.a(lib_a-w_atan2.o) (__ieee754_atan2)
d:/attolic/truestudio for arm lite 5.0.0/armtools/bin/../lib/gcc/arm-atollic-eabi/4.7.3/../../../../arm-atollic-eabi/lib/armv7-m\libm.a(lib_a-e_rem_pio2.o)
                              d:/attolic/truestudio for arm lite 5.0.0/armtools/bin/../lib/gcc/arm-atollic-eabi/4.7.3/../../../../arm-atollic-eabi/lib/armv7-m\libm.a(lib_a-s_cos.o) (__ieee754_rem_pio2)
d:/attolic/truestudio for arm lite 5.0.0/armtools/bin/../lib/gcc/arm-atollic-eabi/4.7.3/../../../../arm-atollic-eabi/lib/armv7-m\libm.a(lib_a-k_cos.o)
                              d:/attolic/truestudio for arm lite 5.0.0/armtools/bin/../lib/gcc/arm-atollic-eabi/4.7.3/../../../../arm-atollic-eabi/lib/armv7-m\libm.a(lib_a-s_cos.o) (__kernel_cos)
d:/attolic/truestudio for arm lite 5.0.0/armtools/bin/../lib/gcc/arm-atollic-eabi/4.7.3/../../../../arm-atollic-eabi/lib/armv7-m\libm.a(lib_a-k_rem_pio2.o)
                              d:/attolic/truestudio for arm lite 5.0.0/armtools/bin/../lib/gcc/arm-atollic-eabi/4.7.3/../../../../arm-atollic-eabi/lib/armv7-m\libm.a(lib_a-e_rem_pio2.o) (__kernel_rem_pio2)
d:/attolic/truestudio for arm lite 5.0.0/armtools/bin/../lib/gcc/arm-atollic-eabi/4.7.3/../../../../arm-atollic-eabi/lib/armv7-m\libm.a(lib_a-k_sin.o)
                              d:/attolic/truestudio for arm lite 5.0.0/armtools/bin/../lib/gcc/arm-atollic-eabi/4.7.3/../../../../arm-atollic-eabi/lib/armv7-m\libm.a(lib_a-s_cos.o) (__kernel_sin)
d:/attolic/truestudio for arm lite 5.0.0/armtools/bin/../lib/gcc/arm-atollic-eabi/4.7.3/../../../../arm-atollic-eabi/lib/armv7-m\libm.a(lib_a-s_atan.o)
                              d:/attolic/truestudio for arm lite 5.0.0/armtools/bin/../lib/gcc/arm-atollic-eabi/4.7.3/../../../../arm-atollic-eabi/lib/armv7-m\libm.a(lib_a-e_atan2.o) (atan)
d:/attolic/truestudio for arm lite 5.0.0/armtools/bin/../lib/gcc/arm-atollic-eabi/4.7.3/../../../../arm-atollic-eabi/lib/armv7-m\libm.a(lib_a-s_floor.o)
                              d:/attolic/truestudio for arm lite 5.0.0/armtools/bin/../lib/gcc/arm-atollic-eabi/4.7.3/../../../../arm-atollic-eabi/lib/armv7-m\libm.a(lib_a-k_rem_pio2.o) (floor)
d:/attolic/truestudio for arm lite 5.0.0/armtools/bin/../lib/gcc/arm-atollic-eabi/4.7.3/../../../../arm-atollic-eabi/lib/armv7-m\libm.a(lib_a-s_scalbn.o)
                              d:/attolic/truestudio for arm lite 5.0.0/armtools/bin/../lib/gcc/arm-atollic-eabi/4.7.3/../../../../arm-atollic-eabi/lib/armv7-m\libm.a(lib_a-k_rem_pio2.o) (scalbn)
d:/attolic/truestudio for arm lite 5.0.0/armtools/bin/../lib/gcc/arm-atollic-eabi/4.7.3/../../../../arm-atollic-eabi/lib/armv7-m\libm.a(lib_a-s_copysign.o)
                              d:/attolic/truestudio for arm lite 5.0.0/armtools/bin/../lib/gcc/arm-atollic-eabi/4.7.3/../../../../arm-atollic-eabi/lib/armv7-m\libm.a(lib_a-s_scalbn.o) (copysign)
d:/attolic/truestudio for arm lite 5.0.0/armtools/bin/../lib/gcc/arm-atollic-eabi/4.7.3/armv7-m\libgcc.a(_arm_addsubdf3.o)
                              src\main.o (__aeabi_dsub)
d:/attolic/truestudio for arm lite 5.0.0/armtools/bin/../lib/gcc/arm-atollic-eabi/4.7.3/armv7-m\libgcc.a(_arm_muldivdf3.o)
                              src\main.o (__aeabi_dmul)
d:/attolic/truestudio for arm lite 5.0.0/armtools/bin/../lib/gcc/arm-atollic-eabi/4.7.3/armv7-m\libgcc.a(_arm_cmpdf2.o)
                              src\main.o (__aeabi_dcmpeq)
d:/attolic/truestudio for arm lite 5.0.0/armtools/bin/../lib/gcc/arm-atollic-eabi/4.7.3/armv7-m\libgcc.a(_arm_fixdfsi.o)
                              src\main.o (__aeabi_d2iz)
d:/attolic/truestudio for arm lite 5.0.0/armtools/bin/../lib/gcc/arm-atollic-eabi/4.7.3/armv7-m\libgcc.a(_arm_fixunsdfsi.o)
                              src\ketchup_komunikacja.o (__aeabi_d2uiz)

Allocating common symbols
Common symbol       size              file

posPuszkaLewa       0x8               src\main.o
skladowa_y          0x4               src\main.o
numberBlackBack     0x4               src\main.o
prev_j              0x4               src\main.o
numberBlack         0x4               src\main.o
BATERIA             0x2               src\main.o
DYSTANS_DO_SKRETU_800
                    0x4               src\main.o
KOMPASY_minVal      0x4               src\main.o
TIME                0x4               src\main.o
rotCount            0x2               src\main.o
POSX                0x8               src\main.o
last_leftTotal      0x4               src\main.o
przedNamiPuszka     0x4               src\main.o
KOMPAS_Z            0x8               src\main.o
dane_z_kompasu      0x6               src\main.o
fwdTotal            0x4               src\main.o
przycisk            0x2               src\main.o
ultra1              0x4               src\main.o
VR_kp               0x8               src\main.o
posPuszkaPrawa      0x8               src\main.o
czasPoprzZakretu    0x4               src\main.o
zamykanieStan       0x4               src\main.o
errno               0x4               d:/attolic/truestudio for arm lite 5.0.0/armtools/bin/../lib/gcc/arm-atollic-eabi/4.7.3/../../../../arm-atollic-eabi/lib/armv7-m\libc_s.a(lib_a-reent.o)
KOMPAS_KIER         0x8               src\main.o
iloscZawieszen      0x8               src\main.o
dist_R              0x8               src\main.o
dystansOdCelu       0x8               src\main.o
taktykaStan         0x4               src\main.o
przyciskStan        0x2               src\main.o
TimePrevPID         0x4               src\main.o
TimePrevBegin       0x8               src\main.o
distPocz            0x8               src\main.o
obrotTimer          0x4               src\main.o
ultraDev            0x18              src\main.o
ultra2              0x4               src\main.o
ultraMM             0x18              src\main.o
KIER                0x8               src\main.o
agresja             0x4               src\main.o
V_R                 0x8               src\main.o
KOMPAS_X            0x8               src\main.o
FILTR_INDEX         0x4               src\main.o
PWM_L               0x8               src\main.o
wieziemyPuszke      0x4               src\main.o
odkladanieStan      0x4               src\main.o
wybranoLewo         0x8               src\main.o
ultra_pom           0xc               src\main.o
ramkaTimer          0x4               src\main.o
doc_KIER            0x8               src\main.o
drogaPokonanaProsto
                    0x8               src\main.o
fwdCount            0x2               src\main.o
ValPrev             0x8               src\main.o
ultraMax            0x18              src\main.o
VL_kp               0x8               src\main.o
rotTotal            0x4               src\main.o
doc_POSY            0x8               src\main.o
katPoczatkowy       0x8               src\main.o
jestesmyUSiebie     0x4               src\main.o
DYSTANS_DO_SKRETU_500
                    0x4               src\main.o
U2_bufRxIndex       0x4               src\ketchup_komunikacja.o
data_number         0x4               src\main.o
PWM_R               0x8               src\main.o
RAGE_stan           0x4               src\main.o
kierunekObrotu      0x4               src\main.o
nastIstnieje        0x4               src\main.o
signal_d            0x8               src\main.o
TimeAktBegin        0x8               src\main.o
A_HAM               0x8               src\main.o
ultraIt             0x4               src\main.o
obrotStan           0x4               src\main.o
V_akt               0x8               src\main.o
VL_signal           0x8               src\main.o
zawieszenieTimer    0x4               src\main.o
last_rightTotal     0x4               src\main.o
delta_KIER          0x8               src\main.o
nast_POSX           0x8               src\main.o
VR_signal           0x8               src\main.o
leftCount           0x2               src\main.o
agresjaTimer        0x4               src\main.o
VR_error            0x8               src\main.o
KOMPASX_minVal      0x4               src\main.o
KOMPAS_ZERO         0x8               src\main.o
KOMPASX_maxVal      0x4               src\main.o
podStan             0x4               src\main.o
V_L                 0x8               src\main.o
predkoscObrotu      0x8               src\main.o
distRemaining       0x8               src\main.o
ultra3              0x4               src\main.o
SHARP_AVG           0x1c              src\main.o
Vobr_max            0x8               src\main.o
ValAkt              0x8               src\main.o
skladowa_z          0x4               src\main.o
katPozostaly        0x8               src\main.o
TIME_VISITED        0x64              src\main.o
RAMKA               0x4               src\main.o
SHARP_FILTR         0x230             src\main.o
POSY                0x8               src\main.o
Ti                  0x8               src\main.o
KOMPAS_KIER_RAW     0x8               src\main.o
prev_i              0x4               src\main.o
rightTotal          0x4               src\main.o
wycofStan           0x4               src\main.o
doc_POSX            0x8               src\main.o
V_max               0x8               src\main.o
KTIRy               0x30              src\main.o
VL_error            0x8               src\main.o
wycofTimer          0x4               src\main.o
signal_i            0x8               src\main.o
error               0x8               src\main.o
U2_buforRx          0xc8              src\ketchup_komunikacja.o
U3_buforTx          0x190             src\main.o
ultraHistory        0x3d8             src\main.o
skladowa_x          0x4               src\main.o
skladowa_z_zamykanie
                    0x4               src\main.o
nast_POSY           0x8               src\main.o
B_HAM               0x8               src\main.o
prev_KIER           0x8               src\main.o
dystansOdPoczatku   0x8               src\main.o
kompas              0x2               src\main.o
loopCounter         0x4               src\main.o
signal_p            0x8               src\main.o
leftTotal           0x4               src\main.o
Td                  0x8               src\main.o
U2_buforRx_Size     0x4               src\ketchup_komunikacja.o
stan                0x4               src\main.o
PID_TIME_OK         0x8               src\main.o
RAGE                0x4               src\main.o
SHARP               0x1c              src\main.o
ultraMean           0x18              src\main.o
KOMPAS_Y            0x8               src\main.o
ultra               0xc               src\main.o
powrotCel           0x8               src\main.o
TIME_ENEMY          0x64              src\main.o
kp                  0x8               src\main.o
pierwsze_zbocze     0x3               src\main.o
U2_buforTx          0x1f4             src\main.o
kompasResetTimer    0x4               src\main.o
dist_L              0x8               src\main.o
KOMPASY_maxVal      0x4               src\main.o
kalibracjaStan      0x4               src\main.o
rightCount          0x2               src\main.o
